[0.009s] Invoking command in '/home/remii/Projects/so-arm/build/so_arm_utils': CMAKE_PREFIX_PATH=${CMAKE_PREFIX_PATH}:/opt/ros/jazzy DEBUGINFOD_URLS=https://debuginfod.ubuntu.com /usr/bin/cmake --build /home/remii/Projects/so-arm/build/so_arm_utils -- -j8 -l8
[0.048s] Built target ament_cmake_python_symlink_so_arm_utils
[0.240s] running egg_info
[0.241s] running install_scripts
[0.260s] writing so_arm_utils.egg-info/PKG-INFO
[0.261s] writing dependency_links to so_arm_utils.egg-info/dependency_links.txt
[0.261s] writing top-level names to so_arm_utils.egg-info/top_level.txt
[0.281s] /usr/lib/python3/dist-packages/setuptools/_distutils/cmd.py:66: SetuptoolsDeprecationWarning: setup.py install is deprecated.
[0.281s] !!
[0.281s] 
[0.281s]         ********************************************************************************
[0.281s]         Please avoid running ``setup.py`` directly.
[0.281s]         Instead, use pypa/build, pypa/installer or other
[0.281s]         standards-based tools.
[0.281s] 
[0.281s]         See https://blog.ganssle.io/articles/2021/10/setup-py-deprecated.html for details.
[0.282s]         ********************************************************************************
[0.282s] 
[0.282s] !!
[0.282s]   self.initialize_options()
[0.286s] running egg_info
[0.318s] reading manifest file 'so_arm_utils.egg-info/SOURCES.txt'
[0.319s] writing manifest file 'so_arm_utils.egg-info/SOURCES.txt'
[0.326s] writing so_arm_utils.egg-info/PKG-INFO
[0.327s] writing dependency_links to so_arm_utils.egg-info/dependency_links.txt
[0.327s] writing top-level names to so_arm_utils.egg-info/top_level.txt
[0.339s] Built target ament_cmake_python_build_so_arm_utils_egg
[0.366s] reading manifest file 'so_arm_utils.egg-info/SOURCES.txt'
[0.367s] writing manifest file 'so_arm_utils.egg-info/SOURCES.txt'
[0.490s] Built target ament_cmake_python_build_so_arm_utils_scripts
[0.497s] Invoked command in '/home/remii/Projects/so-arm/build/so_arm_utils' returned '0': CMAKE_PREFIX_PATH=${CMAKE_PREFIX_PATH}:/opt/ros/jazzy DEBUGINFOD_URLS=https://debuginfod.ubuntu.com /usr/bin/cmake --build /home/remii/Projects/so-arm/build/so_arm_utils -- -j8 -l8
[0.498s] Invoking command in '/home/remii/Projects/so-arm/build/so_arm_utils': CMAKE_PREFIX_PATH=${CMAKE_PREFIX_PATH}:/opt/ros/jazzy DEBUGINFOD_URLS=https://debuginfod.ubuntu.com /usr/bin/cmake --install /home/remii/Projects/so-arm/build/so_arm_utils
[0.504s] -- Install configuration: ""
[0.505s] -- Execute custom install script
[0.505s] -- Up-to-date symlink: /home/remii/Projects/so-arm/install/so_arm_utils/share/so_arm_utils/environment/pythonpath.sh
[0.505s] -- Up-to-date symlink: /home/remii/Projects/so-arm/install/so_arm_utils/share/so_arm_utils/environment/pythonpath.dsv
[0.506s] -- Up-to-date symlink: /home/remii/Projects/so-arm/install/so_arm_utils/lib/python3.12/site-packages/so_arm_utils-0.0.0-py3.12.egg-info/PKG-INFO
[0.506s] -- Up-to-date symlink: /home/remii/Projects/so-arm/install/so_arm_utils/lib/python3.12/site-packages/so_arm_utils-0.0.0-py3.12.egg-info/SOURCES.txt
[0.506s] -- Up-to-date symlink: /home/remii/Projects/so-arm/install/so_arm_utils/lib/python3.12/site-packages/so_arm_utils-0.0.0-py3.12.egg-info/dependency_links.txt
[0.506s] -- Up-to-date symlink: /home/remii/Projects/so-arm/install/so_arm_utils/lib/python3.12/site-packages/so_arm_utils-0.0.0-py3.12.egg-info/top_level.txt
[0.506s] -- Up-to-date symlink: /home/remii/Projects/so-arm/install/so_arm_utils/lib/python3.12/site-packages/so_arm_utils/__init__.py
[0.507s] -- Up-to-date symlink: /home/remii/Projects/so-arm/install/so_arm_utils/lib/python3.12/site-packages/so_arm_utils/constants.py
[0.507s] -- Up-to-date symlink: /home/remii/Projects/so-arm/install/so_arm_utils/lib/python3.12/site-packages/so_arm_utils/launch_utils.py
[0.507s] -- Up-to-date symlink: /home/remii/Projects/so-arm/install/so_arm_utils/share/ament_index/resource_index/package_run_dependencies/so_arm_utils
[0.507s] -- Up-to-date symlink: /home/remii/Projects/so-arm/install/so_arm_utils/share/ament_index/resource_index/parent_prefix_path/so_arm_utils
[0.507s] -- Up-to-date symlink: /home/remii/Projects/so-arm/install/so_arm_utils/share/so_arm_utils/environment/ament_prefix_path.sh
[0.507s] -- Up-to-date symlink: /home/remii/Projects/so-arm/install/so_arm_utils/share/so_arm_utils/environment/ament_prefix_path.dsv
[0.507s] -- Up-to-date symlink: /home/remii/Projects/so-arm/install/so_arm_utils/share/so_arm_utils/environment/path.sh
[0.507s] -- Up-to-date symlink: /home/remii/Projects/so-arm/install/so_arm_utils/share/so_arm_utils/environment/path.dsv
[0.507s] -- Up-to-date symlink: /home/remii/Projects/so-arm/install/so_arm_utils/share/so_arm_utils/local_setup.bash
[0.507s] -- Up-to-date symlink: /home/remii/Projects/so-arm/install/so_arm_utils/share/so_arm_utils/local_setup.sh
[0.508s] -- Up-to-date symlink: /home/remii/Projects/so-arm/install/so_arm_utils/share/so_arm_utils/local_setup.zsh
[0.508s] -- Up-to-date symlink: /home/remii/Projects/so-arm/install/so_arm_utils/share/so_arm_utils/local_setup.dsv
[0.508s] -- Symlinking: /home/remii/Projects/so-arm/install/so_arm_utils/share/so_arm_utils/package.dsv
[0.514s] -- Up-to-date symlink: /home/remii/Projects/so-arm/install/so_arm_utils/share/ament_index/resource_index/packages/so_arm_utils
[0.514s] -- Up-to-date symlink: /home/remii/Projects/so-arm/install/so_arm_utils/share/so_arm_utils/cmake/so_arm_utilsConfig.cmake
[0.514s] -- Up-to-date symlink: /home/remii/Projects/so-arm/install/so_arm_utils/share/so_arm_utils/cmake/so_arm_utilsConfig-version.cmake
[0.514s] -- Up-to-date symlink: /home/remii/Projects/so-arm/install/so_arm_utils/share/so_arm_utils/package.xml
[0.540s] Listing '/home/remii/Projects/so-arm/install/so_arm_utils/lib/python3.12/site-packages/so_arm_utils'...
[0.546s] Invoked command in '/home/remii/Projects/so-arm/build/so_arm_utils' returned '0': CMAKE_PREFIX_PATH=${CMAKE_PREFIX_PATH}:/opt/ros/jazzy DEBUGINFOD_URLS=https://debuginfod.ubuntu.com /usr/bin/cmake --install /home/remii/Projects/so-arm/build/so_arm_utils
