[0.010s] Invoking command in '/home/remii/Projects/so-arm/build/feetech_ros2_driver': CMAKE_PREFIX_PATH=${CMAKE_PREFIX_PATH}:/opt/ros/jazzy DEBUGINFOD_URLS=https://debuginfod.ubuntu.com /usr/bin/cmake /home/remii/Projects/so-arm/src/feetech_ros2_driver -DCMAKE_INSTALL_PREFIX=/home/remii/Projects/so-arm/install/feetech_ros2_driver
[0.027s] -- feetech_driver version: 0.1.0
[0.030s] -- Found ament_cmake: 2.5.6 (/opt/ros/jazzy/share/ament_cmake/cmake)
[0.198s] -- Override CMake install command with custom implementation using symlinks instead of copying resources
[0.208s] -- Found rclcpp: 28.1.21 (/opt/ros/jazzy/share/rclcpp/cmake)
[0.233s] -- Found rosidl_generator_c: 4.6.9 (/opt/ros/jazzy/share/rosidl_generator_c/cmake)
[0.241s] -- Found rosidl_generator_cpp: 4.6.9 (/opt/ros/jazzy/share/rosidl_generator_cpp/cmake)
[0.252s] -- Using all available rosidl_typesupport_c: rosidl_typesupport_fastrtps_c;rosidl_typesupport_introspection_c
[0.265s] -- Using all available rosidl_typesupport_cpp: rosidl_typesupport_fastrtps_cpp;rosidl_typesupport_introspection_cpp
[0.325s] -- Found rmw_implementation_cmake: 7.3.3 (/opt/ros/jazzy/share/rmw_implementation_cmake/cmake)
[0.327s] -- Found rmw_fastrtps_cpp: 8.4.4 (/opt/ros/jazzy/share/rmw_fastrtps_cpp/cmake)
[0.386s] -- Using RMW implementation 'rmw_fastrtps_cpp' as default
[0.456s] -- Found rclcpp_lifecycle: 28.1.21 (/opt/ros/jazzy/share/rclcpp_lifecycle/cmake)
[0.483s] -- Found hardware_interface: 4.45.2 (/opt/ros/jazzy/share/hardware_interface/cmake)
[0.763s] -- Configuring done (0.7s)
[0.786s] -- Generating done (0.0s)
[0.791s] -- Build files have been written to: /home/remii/Projects/so-arm/build/feetech_ros2_driver
[0.800s] Invoked command in '/home/remii/Projects/so-arm/build/feetech_ros2_driver' returned '0': CMAKE_PREFIX_PATH=${CMAKE_PREFIX_PATH}:/opt/ros/jazzy DEBUGINFOD_URLS=https://debuginfod.ubuntu.com /usr/bin/cmake /home/remii/Projects/so-arm/src/feetech_ros2_driver -DCMAKE_INSTALL_PREFIX=/home/remii/Projects/so-arm/install/feetech_ros2_driver
[0.801s] Invoking command in '/home/remii/Projects/so-arm/build/feetech_ros2_driver': CMAKE_PREFIX_PATH=${CMAKE_PREFIX_PATH}:/opt/ros/jazzy DEBUGINFOD_URLS=https://debuginfod.ubuntu.com /usr/bin/cmake --build /home/remii/Projects/so-arm/build/feetech_ros2_driver -- -j8 -l8
[0.838s] [ 11%] Built target ament_generate_version_header__feetech_ros2_driver
[0.842s] [ 33%] Built target serial_port
[0.860s] [ 55%] Built target communication_protocol
[0.877s] [ 77%] Built target demo
[0.882s] [100%] Built target feetech_ros2_driver
[0.890s] Invoked command in '/home/remii/Projects/so-arm/build/feetech_ros2_driver' returned '0': CMAKE_PREFIX_PATH=${CMAKE_PREFIX_PATH}:/opt/ros/jazzy DEBUGINFOD_URLS=https://debuginfod.ubuntu.com /usr/bin/cmake --build /home/remii/Projects/so-arm/build/feetech_ros2_driver -- -j8 -l8
[0.891s] Invoking command in '/home/remii/Projects/so-arm/build/feetech_ros2_driver': CMAKE_PREFIX_PATH=${CMAKE_PREFIX_PATH}:/opt/ros/jazzy DEBUGINFOD_URLS=https://debuginfod.ubuntu.com /usr/bin/cmake --install /home/remii/Projects/so-arm/build/feetech_ros2_driver
[0.896s] -- Install configuration: ""
[0.896s] -- Up-to-date: /home/remii/Projects/so-arm/install/feetech_ros2_driver/lib/libserial_port.so.0.1.0
[0.896s] -- Up-to-date: /home/remii/Projects/so-arm/install/feetech_ros2_driver/lib/libserial_port.so.0
[0.897s] -- Up-to-date: /home/remii/Projects/so-arm/install/feetech_ros2_driver/lib/libserial_port.so
[0.897s] -- Up-to-date: /home/remii/Projects/so-arm/install/feetech_ros2_driver/lib/libcommunication_protocol.so.0.1.0
[0.897s] -- Up-to-date: /home/remii/Projects/so-arm/install/feetech_ros2_driver/lib/libcommunication_protocol.so.0
[0.897s] -- Up-to-date: /home/remii/Projects/so-arm/install/feetech_ros2_driver/lib/libcommunication_protocol.so
[0.897s] -- Up-to-date: /home/remii/Projects/so-arm/install/feetech_ros2_driver/bin/demo
[0.897s] -- Up-to-date: /home/remii/Projects/so-arm/install/feetech_ros2_driver/lib/cmake/feetech_driver/feetech_driver-config.cmake
[0.897s] -- Up-to-date: /home/remii/Projects/so-arm/install/feetech_ros2_driver/lib/cmake/feetech_driver/feetech_driver-config-version.cmake
[0.897s] -- Up-to-date: /home/remii/Projects/so-arm/install/feetech_ros2_driver/lib/cmake/feetech_driver/feetech_driver-targets.cmake
[0.897s] -- Up-to-date: /home/remii/Projects/so-arm/install/feetech_ros2_driver/lib/cmake/feetech_driver/feetech_driver-targets-noconfig.cmake
[0.897s] -- Execute custom install script
[0.897s] -- Up-to-date symlink: /home/remii/Projects/so-arm/install/feetech_ros2_driver/share/feetech_ros2_driver//feetech_ros2_control_plugin_description.xml
[0.898s] -- Up-to-date symlink: /home/remii/Projects/so-arm/install/feetech_ros2_driver/include/feetech_ros2_driver/feetech_ros2_driver/feetech_ros2_driver.hpp
[0.898s] -- Up-to-date symlink: /home/remii/Projects/so-arm/install/feetech_ros2_driver/include/feetech_ros2_driver/feetech_ros2_driver/joint_config.hpp
[0.898s] -- Up-to-date symlink: /home/remii/Projects/so-arm/install/feetech_ros2_driver/share/feetech_ros2_driver/environment/library_path.sh
[0.898s] -- Up-to-date symlink: /home/remii/Projects/so-arm/install/feetech_ros2_driver/share/feetech_ros2_driver/environment/library_path.dsv
[0.898s] -- Up-to-date symlink: /home/remii/Projects/so-arm/install/feetech_ros2_driver/include/feetech_ros2_driver/feetech_ros2_driver/version.hpp
[0.898s] -- Up-to-date symlink: /home/remii/Projects/so-arm/install/feetech_ros2_driver/share/ament_index/resource_index/package_run_dependencies/feetech_ros2_driver
[0.898s] -- Up-to-date symlink: /home/remii/Projects/so-arm/install/feetech_ros2_driver/share/ament_index/resource_index/parent_prefix_path/feetech_ros2_driver
[0.899s] -- Up-to-date symlink: /home/remii/Projects/so-arm/install/feetech_ros2_driver/share/feetech_ros2_driver/environment/ament_prefix_path.sh
[0.899s] -- Up-to-date symlink: /home/remii/Projects/so-arm/install/feetech_ros2_driver/share/feetech_ros2_driver/environment/ament_prefix_path.dsv
[0.899s] -- Up-to-date symlink: /home/remii/Projects/so-arm/install/feetech_ros2_driver/share/feetech_ros2_driver/environment/path.sh
[0.899s] -- Up-to-date symlink: /home/remii/Projects/so-arm/install/feetech_ros2_driver/share/feetech_ros2_driver/environment/path.dsv
[0.899s] -- Up-to-date symlink: /home/remii/Projects/so-arm/install/feetech_ros2_driver/share/feetech_ros2_driver/local_setup.bash
[0.899s] -- Up-to-date symlink: /home/remii/Projects/so-arm/install/feetech_ros2_driver/share/feetech_ros2_driver/local_setup.sh
[0.899s] -- Up-to-date symlink: /home/remii/Projects/so-arm/install/feetech_ros2_driver/share/feetech_ros2_driver/local_setup.zsh
[0.899s] -- Up-to-date symlink: /home/remii/Projects/so-arm/install/feetech_ros2_driver/share/feetech_ros2_driver/local_setup.dsv
[0.899s] -- Symlinking: /home/remii/Projects/so-arm/install/feetech_ros2_driver/share/feetech_ros2_driver/package.dsv
[0.907s] -- Up-to-date symlink: /home/remii/Projects/so-arm/install/feetech_ros2_driver/share/ament_index/resource_index/packages/feetech_ros2_driver
[0.907s] -- Up-to-date symlink: /home/remii/Projects/so-arm/install/feetech_ros2_driver/share/ament_index/resource_index/hardware_interface__pluginlib__plugin/feetech_ros2_driver
[0.907s] -- Up-to-date symlink: /home/remii/Projects/so-arm/install/feetech_ros2_driver/share/feetech_ros2_driver/cmake/ament_cmake_export_targets-extras.cmake
[0.907s] -- Up-to-date symlink: /home/remii/Projects/so-arm/install/feetech_ros2_driver/share/feetech_ros2_driver/cmake/ament_cmake_export_dependencies-extras.cmake
[0.907s] -- Up-to-date symlink: /home/remii/Projects/so-arm/install/feetech_ros2_driver/share/feetech_ros2_driver/cmake/feetech_ros2_driverConfig.cmake
[0.907s] -- Up-to-date symlink: /home/remii/Projects/so-arm/install/feetech_ros2_driver/share/feetech_ros2_driver/cmake/feetech_ros2_driverConfig-version.cmake
[0.907s] -- Up-to-date symlink: /home/remii/Projects/so-arm/install/feetech_ros2_driver/share/feetech_ros2_driver/package.xml
[0.908s] -- Up-to-date: /home/remii/Projects/so-arm/install/feetech_ros2_driver/lib/libfeetech_ros2_driver.so
[0.908s] -- Up-to-date: /home/remii/Projects/so-arm/install/feetech_ros2_driver/share/feetech_ros2_driver/cmake/feetech_ros2_driverTargetsExport.cmake
[0.908s] -- Up-to-date: /home/remii/Projects/so-arm/install/feetech_ros2_driver/share/feetech_ros2_driver/cmake/feetech_ros2_driverTargetsExport-noconfig.cmake
[0.909s] Invoked command in '/home/remii/Projects/so-arm/build/feetech_ros2_driver' returned '0': CMAKE_PREFIX_PATH=${CMAKE_PREFIX_PATH}:/opt/ros/jazzy DEBUGINFOD_URLS=https://debuginfod.ubuntu.com /usr/bin/cmake --install /home/remii/Projects/so-arm/build/feetech_ros2_driver
