-- The C compiler identification is GNU 13.3.0
-- The CXX compiler identification is GNU 13.3.0
-- Detecting C compiler ABI info
-- Detecting C compiler ABI info - done
-- Check for working C compiler: /usr/bin/cc - skipped
-- Detecting C compile features
-- Detecting C compile features - done
-- Detecting CXX compiler ABI info
-- Detecting CXX compiler ABI info - done
-- Check for working CXX compiler: /usr/bin/c++ - skipped
-- Detecting CXX compile features
-- Detecting CXX compile features - done
-- Found ament_cmake: 2.5.6 (/opt/ros/jazzy/share/ament_cmake/cmake)
-- Found Python3: /usr/bin/python3 (found version "3.12.3") found components: Interpreter 
-- Override CMake install command with custom implementation using symlinks instead of copying resources
-- Configuring done (0.5s)
-- Generating done (0.0s)
-- Build files have been written to: /home/remii/Projects/so-arm/build/so_arm101_description
-- Install configuration: ""
-- Execute custom install script
-- Symlinking: /home/remii/Projects/so-arm/install/so_arm101_description/share/so_arm101_description/environment/so_arm101_description.dsv
-- Symlinking: /home/remii/Projects/so-arm/install/so_arm101_description/share/so_arm101_description//urdf/so_arm101.urdf.xacro
-- Symlinking: /home/remii/Projects/so-arm/install/so_arm101_description/share/so_arm101_description//urdf/so_arm101_macro.xacro
-- Symlinking: /home/remii/Projects/so-arm/install/so_arm101_description/share/so_arm101_description//control/ros2_controllers.yaml
-- Symlinking: /home/remii/Projects/so-arm/install/so_arm101_description/share/so_arm101_description//control/so_arm101.ros2_control.xacro
-- Symlinking: /home/remii/Projects/so-arm/install/so_arm101_description/share/so_arm101_description//meshes/LICENSE
-- Symlinking: /home/remii/Projects/so-arm/install/so_arm101_description/share/so_arm101_description//meshes/base_motor_holder_so101_v1.stl
-- Symlinking: /home/remii/Projects/so-arm/install/so_arm101_description/share/so_arm101_description//meshes/base_so101_v2.stl
-- Symlinking: /home/remii/Projects/so-arm/install/so_arm101_description/share/so_arm101_description//meshes/motor_holder_so101_base_v1.stl
-- Symlinking: /home/remii/Projects/so-arm/install/so_arm101_description/share/so_arm101_description//meshes/motor_holder_so101_wrist_v1.stl
-- Symlinking: /home/remii/Projects/so-arm/install/so_arm101_description/share/so_arm101_description//meshes/moving_jaw_so101_v1.stl
-- Symlinking: /home/remii/Projects/so-arm/install/so_arm101_description/share/so_arm101_description//meshes/rotation_pitch_so101_v1.stl
-- Symlinking: /home/remii/Projects/so-arm/install/so_arm101_description/share/so_arm101_description//meshes/sts3215_03a_no_horn_v1.stl
-- Symlinking: /home/remii/Projects/so-arm/install/so_arm101_description/share/so_arm101_description//meshes/sts3215_03a_v1.stl
-- Symlinking: /home/remii/Projects/so-arm/install/so_arm101_description/share/so_arm101_description//meshes/under_arm_so101_v1.stl
-- Symlinking: /home/remii/Projects/so-arm/install/so_arm101_description/share/so_arm101_description//meshes/upper_arm_so101_v1.stl
-- Symlinking: /home/remii/Projects/so-arm/install/so_arm101_description/share/so_arm101_description//meshes/waveshare_mounting_plate_so101_v2.stl
-- Symlinking: /home/remii/Projects/so-arm/install/so_arm101_description/share/so_arm101_description//meshes/wrist_roll_follower_so101_v1.stl
-- Symlinking: /home/remii/Projects/so-arm/install/so_arm101_description/share/so_arm101_description//meshes/wrist_roll_pitch_so101_v2.stl
-- Symlinking: /home/remii/Projects/so-arm/install/so_arm101_description/share/so_arm101_description//mjcf/scene.xml
-- Symlinking: /home/remii/Projects/so-arm/install/so_arm101_description/share/so_arm101_description//mjcf/so_arm101.xml
-- Symlinking: /home/remii/Projects/so-arm/install/so_arm101_description/share/so_arm101_description//rviz/config.rviz
-- Symlinking: /home/remii/Projects/so-arm/install/so_arm101_description/share/so_arm101_description//launch/controllers_bringup.launch.py
-- Symlinking: /home/remii/Projects/so-arm/install/so_arm101_description/share/so_arm101_description//launch/view_description.launch.py
-- Symlinking: /home/remii/Projects/so-arm/install/so_arm101_description/share/ament_index/resource_index/package_run_dependencies/so_arm101_description
-- Symlinking: /home/remii/Projects/so-arm/install/so_arm101_description/share/ament_index/resource_index/parent_prefix_path/so_arm101_description
-- Symlinking: /home/remii/Projects/so-arm/install/so_arm101_description/share/so_arm101_description/environment/ament_prefix_path.sh
-- Symlinking: /home/remii/Projects/so-arm/install/so_arm101_description/share/so_arm101_description/environment/ament_prefix_path.dsv
-- Symlinking: /home/remii/Projects/so-arm/install/so_arm101_description/share/so_arm101_description/environment/path.sh
-- Symlinking: /home/remii/Projects/so-arm/install/so_arm101_description/share/so_arm101_description/environment/path.dsv
-- Symlinking: /home/remii/Projects/so-arm/install/so_arm101_description/share/so_arm101_description/local_setup.bash
-- Symlinking: /home/remii/Projects/so-arm/install/so_arm101_description/share/so_arm101_description/local_setup.sh
-- Symlinking: /home/remii/Projects/so-arm/install/so_arm101_description/share/so_arm101_description/local_setup.zsh
-- Symlinking: /home/remii/Projects/so-arm/install/so_arm101_description/share/so_arm101_description/local_setup.dsv
-- Symlinking: /home/remii/Projects/so-arm/install/so_arm101_description/share/so_arm101_description/package.dsv
-- Symlinking: /home/remii/Projects/so-arm/install/so_arm101_description/share/ament_index/resource_index/packages/so_arm101_description
-- Symlinking: /home/remii/Projects/so-arm/install/so_arm101_description/share/so_arm101_description/cmake/so_arm101_descriptionConfig.cmake
-- Symlinking: /home/remii/Projects/so-arm/install/so_arm101_description/share/so_arm101_description/cmake/so_arm101_descriptionConfig-version.cmake
-- Symlinking: /home/remii/Projects/so-arm/install/so_arm101_description/share/so_arm101_description/package.xml
