[0.008s] Invoking command in '/home/remii/Projects/so-arm/build/so_arm100_description': AMENT_PREFIX_PATH=/home/remii/Projects/so-arm/install/so_arm_utils:/home/remii/Projects/so-arm/install/feetech_ros2_driver:${AMENT_PREFIX_PATH} CMAKE_PREFIX_PATH=/home/remii/Projects/so-arm/install/so_arm_utils:/home/remii/Projects/so-arm/install/feetech_ros2_driver:/opt/ros/jazzy/opt/gz_sim_vendor:/opt/ros/jazzy/opt/gz_sensors_vendor:/opt/ros/jazzy/opt/gz_physics_vendor:/opt/ros/jazzy/opt/sdformat_vendor:/opt/ros/jazzy/opt/gz_gui_vendor:/opt/ros/jazzy/opt/gz_transport_vendor:/opt/ros/jazzy/opt/gz_rendering_vendor:/opt/ros/jazzy/opt/gz_plugin_vendor:/opt/ros/jazzy/opt/gz_fuel_tools_vendor:/opt/ros/jazzy/opt/gz_msgs_vendor:/opt/ros/jazzy/opt/gz_common_vendor:/opt/ros/jazzy/opt/gz_math_vendor:/opt/ros/jazzy/opt/gz_utils_vendor:/opt/ros/jazzy/opt/gz_tools_vendor:/opt/ros/jazzy/opt/gz_ogre_next_vendor:/opt/ros/jazzy/opt/gz_dartsim_vendor:/opt/ros/jazzy/opt/gz_cmake_vendor:/opt/ros/jazzy DEBUGINFOD_URLS=https://debuginfod.ubuntu.com LD_LIBRARY_PATH=/home/remii/Projects/so-arm/install/feetech_ros2_driver/lib:${LD_LIBRARY_PATH} PATH=/home/remii/Projects/so-arm/install/feetech_ros2_driver/bin:${PATH} PYTHONPATH=/home/remii/Projects/so-arm/install/so_arm_utils/lib/python3.12/site-packages:${PYTHONPATH} /usr/bin/cmake --build /home/remii/Projects/so-arm/build/so_arm100_description -- -j8 -l8
[0.028s] -- Found ament_cmake: 2.5.6 (/opt/ros/jazzy/share/ament_cmake/cmake)
[0.195s] -- Override CMake install command with custom implementation using symlinks instead of copying resources
[0.276s] -- Configuring done (0.3s)
[0.279s] -- Generating done (0.0s)
[0.281s] -- Build files have been written to: /home/remii/Projects/so-arm/build/so_arm100_description
[0.298s] Invoked command in '/home/remii/Projects/so-arm/build/so_arm100_description' returned '0': AMENT_PREFIX_PATH=/home/remii/Projects/so-arm/install/so_arm_utils:/home/remii/Projects/so-arm/install/feetech_ros2_driver:${AMENT_PREFIX_PATH} CMAKE_PREFIX_PATH=/home/remii/Projects/so-arm/install/so_arm_utils:/home/remii/Projects/so-arm/install/feetech_ros2_driver:/opt/ros/jazzy/opt/gz_sim_vendor:/opt/ros/jazzy/opt/gz_sensors_vendor:/opt/ros/jazzy/opt/gz_physics_vendor:/opt/ros/jazzy/opt/sdformat_vendor:/opt/ros/jazzy/opt/gz_gui_vendor:/opt/ros/jazzy/opt/gz_transport_vendor:/opt/ros/jazzy/opt/gz_rendering_vendor:/opt/ros/jazzy/opt/gz_plugin_vendor:/opt/ros/jazzy/opt/gz_fuel_tools_vendor:/opt/ros/jazzy/opt/gz_msgs_vendor:/opt/ros/jazzy/opt/gz_common_vendor:/opt/ros/jazzy/opt/gz_math_vendor:/opt/ros/jazzy/opt/gz_utils_vendor:/opt/ros/jazzy/opt/gz_tools_vendor:/opt/ros/jazzy/opt/gz_ogre_next_vendor:/opt/ros/jazzy/opt/gz_dartsim_vendor:/opt/ros/jazzy/opt/gz_cmake_vendor:/opt/ros/jazzy DEBUGINFOD_URLS=https://debuginfod.ubuntu.com LD_LIBRARY_PATH=/home/remii/Projects/so-arm/install/feetech_ros2_driver/lib:${LD_LIBRARY_PATH} PATH=/home/remii/Projects/so-arm/install/feetech_ros2_driver/bin:${PATH} PYTHONPATH=/home/remii/Projects/so-arm/install/so_arm_utils/lib/python3.12/site-packages:${PYTHONPATH} /usr/bin/cmake --build /home/remii/Projects/so-arm/build/so_arm100_description -- -j8 -l8
[0.299s] Invoking command in '/home/remii/Projects/so-arm/build/so_arm100_description': AMENT_PREFIX_PATH=/home/remii/Projects/so-arm/install/so_arm_utils:/home/remii/Projects/so-arm/install/feetech_ros2_driver:${AMENT_PREFIX_PATH} CMAKE_PREFIX_PATH=/home/remii/Projects/so-arm/install/so_arm_utils:/home/remii/Projects/so-arm/install/feetech_ros2_driver:/opt/ros/jazzy/opt/gz_sim_vendor:/opt/ros/jazzy/opt/gz_sensors_vendor:/opt/ros/jazzy/opt/gz_physics_vendor:/opt/ros/jazzy/opt/sdformat_vendor:/opt/ros/jazzy/opt/gz_gui_vendor:/opt/ros/jazzy/opt/gz_transport_vendor:/opt/ros/jazzy/opt/gz_rendering_vendor:/opt/ros/jazzy/opt/gz_plugin_vendor:/opt/ros/jazzy/opt/gz_fuel_tools_vendor:/opt/ros/jazzy/opt/gz_msgs_vendor:/opt/ros/jazzy/opt/gz_common_vendor:/opt/ros/jazzy/opt/gz_math_vendor:/opt/ros/jazzy/opt/gz_utils_vendor:/opt/ros/jazzy/opt/gz_tools_vendor:/opt/ros/jazzy/opt/gz_ogre_next_vendor:/opt/ros/jazzy/opt/gz_dartsim_vendor:/opt/ros/jazzy/opt/gz_cmake_vendor:/opt/ros/jazzy DEBUGINFOD_URLS=https://debuginfod.ubuntu.com LD_LIBRARY_PATH=/home/remii/Projects/so-arm/install/feetech_ros2_driver/lib:${LD_LIBRARY_PATH} PATH=/home/remii/Projects/so-arm/install/feetech_ros2_driver/bin:${PATH} PYTHONPATH=/home/remii/Projects/so-arm/install/so_arm_utils/lib/python3.12/site-packages:${PYTHONPATH} /usr/bin/cmake --install /home/remii/Projects/so-arm/build/so_arm100_description
[0.304s] -- Install configuration: ""
[0.305s] -- Execute custom install script
[0.305s] -- Up-to-date symlink: /home/remii/Projects/so-arm/install/so_arm100_description/share/so_arm100_description/environment/so_arm100_description.dsv
[0.306s] -- Up-to-date symlink: /home/remii/Projects/so-arm/install/so_arm100_description/share/so_arm100_description//urdf/so_arm100.urdf.xacro
[0.306s] -- Up-to-date symlink: /home/remii/Projects/so-arm/install/so_arm100_description/share/so_arm100_description//urdf/so_arm100_macro.xacro
[0.306s] -- Up-to-date symlink: /home/remii/Projects/so-arm/install/so_arm100_description/share/so_arm100_description//mjcf/scene.xml
[0.307s] -- Up-to-date symlink: /home/remii/Projects/so-arm/install/so_arm100_description/share/so_arm100_description//mjcf/so_arm100.xml
[0.307s] -- Up-to-date symlink: /home/remii/Projects/so-arm/install/so_arm100_description/share/so_arm100_description//meshes/Base.stl
[0.307s] -- Up-to-date symlink: /home/remii/Projects/so-arm/install/so_arm100_description/share/so_arm100_description//meshes/Base_Motor.stl
[0.307s] -- Up-to-date symlink: /home/remii/Projects/so-arm/install/so_arm100_description/share/so_arm100_description//meshes/Fixed_Jaw.stl
[0.307s] -- Up-to-date symlink: /home/remii/Projects/so-arm/install/so_arm100_description/share/so_arm100_description//meshes/Fixed_Jaw_Motor.stl
[0.307s] -- Up-to-date symlink: /home/remii/Projects/so-arm/install/so_arm100_description/share/so_arm100_description//meshes/LICENSE
[0.308s] -- Up-to-date symlink: /home/remii/Projects/so-arm/install/so_arm100_description/share/so_arm100_description//meshes/Lower_Arm.stl
[0.308s] -- Up-to-date symlink: /home/remii/Projects/so-arm/install/so_arm100_description/share/so_arm100_description//meshes/Lower_Arm_Motor.stl
[0.308s] -- Up-to-date symlink: /home/remii/Projects/so-arm/install/so_arm100_description/share/so_arm100_description//meshes/Moving_Jaw.stl
[0.309s] -- Up-to-date symlink: /home/remii/Projects/so-arm/install/so_arm100_description/share/so_arm100_description//meshes/Rotation_Pitch.stl
[0.309s] -- Up-to-date symlink: /home/remii/Projects/so-arm/install/so_arm100_description/share/so_arm100_description//meshes/Rotation_Pitch_Motor.stl
[0.309s] -- Up-to-date symlink: /home/remii/Projects/so-arm/install/so_arm100_description/share/so_arm100_description//meshes/Upper_Arm.stl
[0.309s] -- Up-to-date symlink: /home/remii/Projects/so-arm/install/so_arm100_description/share/so_arm100_description//meshes/Upper_Arm_Motor.stl
[0.310s] -- Up-to-date symlink: /home/remii/Projects/so-arm/install/so_arm100_description/share/so_arm100_description//meshes/Wrist_Pitch_Roll.stl
[0.310s] -- Up-to-date symlink: /home/remii/Projects/so-arm/install/so_arm100_description/share/so_arm100_description//meshes/Wrist_Pitch_Roll_Motor.stl
[0.311s] -- Up-to-date symlink: /home/remii/Projects/so-arm/install/so_arm100_description/share/so_arm100_description//control/ros2_controllers.yaml
[0.311s] -- Up-to-date symlink: /home/remii/Projects/so-arm/install/so_arm100_description/share/so_arm100_description//control/so_arm100.ros2_control.xacro
[0.312s] -- Up-to-date symlink: /home/remii/Projects/so-arm/install/so_arm100_description/share/so_arm100_description//rviz/config.rviz
[0.312s] -- Up-to-date symlink: /home/remii/Projects/so-arm/install/so_arm100_description/share/so_arm100_description//launch/controllers_bringup.launch.py
[0.313s] -- Up-to-date symlink: /home/remii/Projects/so-arm/install/so_arm100_description/share/ament_index/resource_index/package_run_dependencies/so_arm100_description
[0.313s] -- Up-to-date symlink: /home/remii/Projects/so-arm/install/so_arm100_description/share/ament_index/resource_index/parent_prefix_path/so_arm100_description
[0.313s] -- Up-to-date symlink: /home/remii/Projects/so-arm/install/so_arm100_description/share/so_arm100_description/environment/ament_prefix_path.sh
[0.313s] -- Up-to-date symlink: /home/remii/Projects/so-arm/install/so_arm100_description/share/so_arm100_description/environment/ament_prefix_path.dsv
[0.313s] -- Up-to-date symlink: /home/remii/Projects/so-arm/install/so_arm100_description/share/so_arm100_description/environment/path.sh
[0.314s] -- Up-to-date symlink: /home/remii/Projects/so-arm/install/so_arm100_description/share/so_arm100_description/environment/path.dsv
[0.314s] -- Up-to-date symlink: /home/remii/Projects/so-arm/install/so_arm100_description/share/so_arm100_description/local_setup.bash
[0.314s] -- Up-to-date symlink: /home/remii/Projects/so-arm/install/so_arm100_description/share/so_arm100_description/local_setup.sh
[0.315s] -- Up-to-date symlink: /home/remii/Projects/so-arm/install/so_arm100_description/share/so_arm100_description/local_setup.zsh
[0.315s] -- Up-to-date symlink: /home/remii/Projects/so-arm/install/so_arm100_description/share/so_arm100_description/local_setup.dsv
[0.315s] -- Symlinking: /home/remii/Projects/so-arm/install/so_arm100_description/share/so_arm100_description/package.dsv
[0.322s] -- Up-to-date symlink: /home/remii/Projects/so-arm/install/so_arm100_description/share/ament_index/resource_index/packages/so_arm100_description
[0.322s] -- Up-to-date symlink: /home/remii/Projects/so-arm/install/so_arm100_description/share/so_arm100_description/cmake/so_arm100_descriptionConfig.cmake
[0.322s] -- Up-to-date symlink: /home/remii/Projects/so-arm/install/so_arm100_description/share/so_arm100_description/cmake/so_arm100_descriptionConfig-version.cmake
[0.322s] -- Up-to-date symlink: /home/remii/Projects/so-arm/install/so_arm100_description/share/so_arm100_description/package.xml
[0.324s] Invoked command in '/home/remii/Projects/so-arm/build/so_arm100_description' returned '0': AMENT_PREFIX_PATH=/home/remii/Projects/so-arm/install/so_arm_utils:/home/remii/Projects/so-arm/install/feetech_ros2_driver:${AMENT_PREFIX_PATH} CMAKE_PREFIX_PATH=/home/remii/Projects/so-arm/install/so_arm_utils:/home/remii/Projects/so-arm/install/feetech_ros2_driver:/opt/ros/jazzy/opt/gz_sim_vendor:/opt/ros/jazzy/opt/gz_sensors_vendor:/opt/ros/jazzy/opt/gz_physics_vendor:/opt/ros/jazzy/opt/sdformat_vendor:/opt/ros/jazzy/opt/gz_gui_vendor:/opt/ros/jazzy/opt/gz_transport_vendor:/opt/ros/jazzy/opt/gz_rendering_vendor:/opt/ros/jazzy/opt/gz_plugin_vendor:/opt/ros/jazzy/opt/gz_fuel_tools_vendor:/opt/ros/jazzy/opt/gz_msgs_vendor:/opt/ros/jazzy/opt/gz_common_vendor:/opt/ros/jazzy/opt/gz_math_vendor:/opt/ros/jazzy/opt/gz_utils_vendor:/opt/ros/jazzy/opt/gz_tools_vendor:/opt/ros/jazzy/opt/gz_ogre_next_vendor:/opt/ros/jazzy/opt/gz_dartsim_vendor:/opt/ros/jazzy/opt/gz_cmake_vendor:/opt/ros/jazzy DEBUGINFOD_URLS=https://debuginfod.ubuntu.com LD_LIBRARY_PATH=/home/remii/Projects/so-arm/install/feetech_ros2_driver/lib:${LD_LIBRARY_PATH} PATH=/home/remii/Projects/so-arm/install/feetech_ros2_driver/bin:${PATH} PYTHONPATH=/home/remii/Projects/so-arm/install/so_arm_utils/lib/python3.12/site-packages:${PYTHONPATH} /usr/bin/cmake --install /home/remii/Projects/so-arm/build/so_arm100_description
