[0.010s] Invoking command in '/home/remii/Projects/so-arm/build/so_arm101_moveit_config': CMAKE_PREFIX_PATH=/home/remii/Projects/so-arm/install/so_arm101_description:/home/remii/Projects/so-arm/install/so_arm_utils:/home/remii/Projects/so-arm/install/feetech_ros2_driver:/home/remii/Projects/so-arm/install/so_arm_gz:/home/remii/Projects/so-arm/install/so_arm100_moveit_config:/home/remii/Projects/so-arm/install/so_arm100_description:/opt/ros/jazzy/opt/gz_sim_vendor:/opt/ros/jazzy/opt/gz_sensors_vendor:/opt/ros/jazzy/opt/gz_physics_vendor:/opt/ros/jazzy/opt/sdformat_vendor:/opt/ros/jazzy/opt/gz_gui_vendor:/opt/ros/jazzy/opt/gz_transport_vendor:/opt/ros/jazzy/opt/gz_rendering_vendor:/opt/ros/jazzy/opt/gz_plugin_vendor:/opt/ros/jazzy/opt/gz_fuel_tools_vendor:/opt/ros/jazzy/opt/gz_msgs_vendor:/opt/ros/jazzy/opt/gz_common_vendor:/opt/ros/jazzy/opt/gz_math_vendor:/opt/ros/jazzy/opt/gz_utils_vendor:/opt/ros/jazzy/opt/gz_tools_vendor:/opt/ros/jazzy/opt/gz_ogre_next_vendor:/opt/ros/jazzy/opt/gz_dartsim_vendor:/opt/ros/jazzy/opt/gz_cmake_vendor:/opt/ros/jazzy DEBUGINFOD_URLS=https://debuginfod.ubuntu.com /usr/bin/cmake /home/remii/Projects/so-arm/src/ros2_so_arm100/so_arm101_moveit_config -DAMENT_CMAKE_SYMLINK_INSTALL=1 -DCMAKE_INSTALL_PREFIX=/home/remii/Projects/so-arm/install/so_arm101_moveit_config
[0.101s] -- The C compiler identification is GNU 13.3.0
[0.179s] -- The CXX compiler identification is GNU 13.3.0
[0.193s] -- Detecting C compiler ABI info
[0.261s] -- Detecting C compiler ABI info - done
[0.269s] -- Check for working C compiler: /usr/bin/cc - skipped
[0.270s] -- Detecting C compile features
[0.270s] -- Detecting C compile features - done
[0.278s] -- Detecting CXX compiler ABI info
[0.352s] -- Detecting CXX compiler ABI info - done
[0.361s] -- Check for working CXX compiler: /usr/bin/c++ - skipped
[0.361s] -- Detecting CXX compile features
[0.361s] -- Detecting CXX compile features - done
[0.367s] -- Found ament_cmake: 2.5.6 (/opt/ros/jazzy/share/ament_cmake/cmake)
[0.489s] -- Found Python3: /usr/bin/python3 (found version "3.12.3") found components: Interpreter 
[0.550s] -- Override CMake install command with custom implementation using symlinks instead of copying resources
[0.660s] -- Configuring done (0.6s)
[0.662s] -- Generating done (0.0s)
[0.663s] -- Build files have been written to: /home/remii/Projects/so-arm/build/so_arm101_moveit_config
[0.667s] Invoked command in '/home/remii/Projects/so-arm/build/so_arm101_moveit_config' returned '0': CMAKE_PREFIX_PATH=/home/remii/Projects/so-arm/install/so_arm101_description:/home/remii/Projects/so-arm/install/so_arm_utils:/home/remii/Projects/so-arm/install/feetech_ros2_driver:/home/remii/Projects/so-arm/install/so_arm_gz:/home/remii/Projects/so-arm/install/so_arm100_moveit_config:/home/remii/Projects/so-arm/install/so_arm100_description:/opt/ros/jazzy/opt/gz_sim_vendor:/opt/ros/jazzy/opt/gz_sensors_vendor:/opt/ros/jazzy/opt/gz_physics_vendor:/opt/ros/jazzy/opt/sdformat_vendor:/opt/ros/jazzy/opt/gz_gui_vendor:/opt/ros/jazzy/opt/gz_transport_vendor:/opt/ros/jazzy/opt/gz_rendering_vendor:/opt/ros/jazzy/opt/gz_plugin_vendor:/opt/ros/jazzy/opt/gz_fuel_tools_vendor:/opt/ros/jazzy/opt/gz_msgs_vendor:/opt/ros/jazzy/opt/gz_common_vendor:/opt/ros/jazzy/opt/gz_math_vendor:/opt/ros/jazzy/opt/gz_utils_vendor:/opt/ros/jazzy/opt/gz_tools_vendor:/opt/ros/jazzy/opt/gz_ogre_next_vendor:/opt/ros/jazzy/opt/gz_dartsim_vendor:/opt/ros/jazzy/opt/gz_cmake_vendor:/opt/ros/jazzy DEBUGINFOD_URLS=https://debuginfod.ubuntu.com /usr/bin/cmake /home/remii/Projects/so-arm/src/ros2_so_arm100/so_arm101_moveit_config -DAMENT_CMAKE_SYMLINK_INSTALL=1 -DCMAKE_INSTALL_PREFIX=/home/remii/Projects/so-arm/install/so_arm101_moveit_config
[0.668s] Invoking command in '/home/remii/Projects/so-arm/build/so_arm101_moveit_config': CMAKE_PREFIX_PATH=/home/remii/Projects/so-arm/install/so_arm101_description:/home/remii/Projects/so-arm/install/so_arm_utils:/home/remii/Projects/so-arm/install/feetech_ros2_driver:/home/remii/Projects/so-arm/install/so_arm_gz:/home/remii/Projects/so-arm/install/so_arm100_moveit_config:/home/remii/Projects/so-arm/install/so_arm100_description:/opt/ros/jazzy/opt/gz_sim_vendor:/opt/ros/jazzy/opt/gz_sensors_vendor:/opt/ros/jazzy/opt/gz_physics_vendor:/opt/ros/jazzy/opt/sdformat_vendor:/opt/ros/jazzy/opt/gz_gui_vendor:/opt/ros/jazzy/opt/gz_transport_vendor:/opt/ros/jazzy/opt/gz_rendering_vendor:/opt/ros/jazzy/opt/gz_plugin_vendor:/opt/ros/jazzy/opt/gz_fuel_tools_vendor:/opt/ros/jazzy/opt/gz_msgs_vendor:/opt/ros/jazzy/opt/gz_common_vendor:/opt/ros/jazzy/opt/gz_math_vendor:/opt/ros/jazzy/opt/gz_utils_vendor:/opt/ros/jazzy/opt/gz_tools_vendor:/opt/ros/jazzy/opt/gz_ogre_next_vendor:/opt/ros/jazzy/opt/gz_dartsim_vendor:/opt/ros/jazzy/opt/gz_cmake_vendor:/opt/ros/jazzy DEBUGINFOD_URLS=https://debuginfod.ubuntu.com /usr/bin/cmake --build /home/remii/Projects/so-arm/build/so_arm101_moveit_config -- -j8 -l8
[0.695s] Invoked command in '/home/remii/Projects/so-arm/build/so_arm101_moveit_config' returned '0': CMAKE_PREFIX_PATH=/home/remii/Projects/so-arm/install/so_arm101_description:/home/remii/Projects/so-arm/install/so_arm_utils:/home/remii/Projects/so-arm/install/feetech_ros2_driver:/home/remii/Projects/so-arm/install/so_arm_gz:/home/remii/Projects/so-arm/install/so_arm100_moveit_config:/home/remii/Projects/so-arm/install/so_arm100_description:/opt/ros/jazzy/opt/gz_sim_vendor:/opt/ros/jazzy/opt/gz_sensors_vendor:/opt/ros/jazzy/opt/gz_physics_vendor:/opt/ros/jazzy/opt/sdformat_vendor:/opt/ros/jazzy/opt/gz_gui_vendor:/opt/ros/jazzy/opt/gz_transport_vendor:/opt/ros/jazzy/opt/gz_rendering_vendor:/opt/ros/jazzy/opt/gz_plugin_vendor:/opt/ros/jazzy/opt/gz_fuel_tools_vendor:/opt/ros/jazzy/opt/gz_msgs_vendor:/opt/ros/jazzy/opt/gz_common_vendor:/opt/ros/jazzy/opt/gz_math_vendor:/opt/ros/jazzy/opt/gz_utils_vendor:/opt/ros/jazzy/opt/gz_tools_vendor:/opt/ros/jazzy/opt/gz_ogre_next_vendor:/opt/ros/jazzy/opt/gz_dartsim_vendor:/opt/ros/jazzy/opt/gz_cmake_vendor:/opt/ros/jazzy DEBUGINFOD_URLS=https://debuginfod.ubuntu.com /usr/bin/cmake --build /home/remii/Projects/so-arm/build/so_arm101_moveit_config -- -j8 -l8
[0.696s] Invoking command in '/home/remii/Projects/so-arm/build/so_arm101_moveit_config': CMAKE_PREFIX_PATH=/home/remii/Projects/so-arm/install/so_arm101_description:/home/remii/Projects/so-arm/install/so_arm_utils:/home/remii/Projects/so-arm/install/feetech_ros2_driver:/home/remii/Projects/so-arm/install/so_arm_gz:/home/remii/Projects/so-arm/install/so_arm100_moveit_config:/home/remii/Projects/so-arm/install/so_arm100_description:/opt/ros/jazzy/opt/gz_sim_vendor:/opt/ros/jazzy/opt/gz_sensors_vendor:/opt/ros/jazzy/opt/gz_physics_vendor:/opt/ros/jazzy/opt/sdformat_vendor:/opt/ros/jazzy/opt/gz_gui_vendor:/opt/ros/jazzy/opt/gz_transport_vendor:/opt/ros/jazzy/opt/gz_rendering_vendor:/opt/ros/jazzy/opt/gz_plugin_vendor:/opt/ros/jazzy/opt/gz_fuel_tools_vendor:/opt/ros/jazzy/opt/gz_msgs_vendor:/opt/ros/jazzy/opt/gz_common_vendor:/opt/ros/jazzy/opt/gz_math_vendor:/opt/ros/jazzy/opt/gz_utils_vendor:/opt/ros/jazzy/opt/gz_tools_vendor:/opt/ros/jazzy/opt/gz_ogre_next_vendor:/opt/ros/jazzy/opt/gz_dartsim_vendor:/opt/ros/jazzy/opt/gz_cmake_vendor:/opt/ros/jazzy DEBUGINFOD_URLS=https://debuginfod.ubuntu.com /usr/bin/cmake --install /home/remii/Projects/so-arm/build/so_arm101_moveit_config
[0.701s] -- Install configuration: ""
[0.702s] -- Execute custom install script
[0.702s] -- Symlinking: /home/remii/Projects/so-arm/install/so_arm101_moveit_config/share/so_arm101_moveit_config/launch/demo.launch.py
[0.708s] -- Symlinking: /home/remii/Projects/so-arm/install/so_arm101_moveit_config/share/so_arm101_moveit_config/launch/move_group.launch.py
[0.715s] -- Symlinking: /home/remii/Projects/so-arm/install/so_arm101_moveit_config/share/so_arm101_moveit_config/launch/moveit_rviz.launch.py
[0.721s] -- Symlinking: /home/remii/Projects/so-arm/install/so_arm101_moveit_config/share/so_arm101_moveit_config/rviz/move_group.rviz
[0.727s] -- Up-to-date symlink: /home/remii/Projects/so-arm/install/so_arm101_moveit_config/share/so_arm101_moveit_config/launch/demo.launch.py
[0.727s] -- Up-to-date symlink: /home/remii/Projects/so-arm/install/so_arm101_moveit_config/share/so_arm101_moveit_config/launch/move_group.launch.py
[0.727s] -- Up-to-date symlink: /home/remii/Projects/so-arm/install/so_arm101_moveit_config/share/so_arm101_moveit_config/launch/moveit_rviz.launch.py
[0.728s] -- Symlinking: /home/remii/Projects/so-arm/install/so_arm101_moveit_config/share/so_arm101_moveit_config/config/joint_limits.yaml
[0.734s] -- Symlinking: /home/remii/Projects/so-arm/install/so_arm101_moveit_config/share/so_arm101_moveit_config/config/kinematics.yaml
[0.740s] -- Symlinking: /home/remii/Projects/so-arm/install/so_arm101_moveit_config/share/so_arm101_moveit_config/config/moveit_cpp.yaml
[0.746s] -- Symlinking: /home/remii/Projects/so-arm/install/so_arm101_moveit_config/share/so_arm101_moveit_config/config/ompl_planning.yaml
[0.752s] -- Symlinking: /home/remii/Projects/so-arm/install/so_arm101_moveit_config/share/so_arm101_moveit_config/config/so_arm101.srdf
[0.758s] -- Symlinking: /home/remii/Projects/so-arm/install/so_arm101_moveit_config/share/so_arm101_moveit_config/config/trajectory_execution.yaml
[0.764s] -- Symlinking: /home/remii/Projects/so-arm/install/so_arm101_moveit_config/share/so_arm101_moveit_config/.setup_assistant
[0.771s] -- Symlinking: /home/remii/Projects/so-arm/install/so_arm101_moveit_config/share/ament_index/resource_index/package_run_dependencies/so_arm101_moveit_config
[0.777s] -- Symlinking: /home/remii/Projects/so-arm/install/so_arm101_moveit_config/share/ament_index/resource_index/parent_prefix_path/so_arm101_moveit_config
[0.783s] -- Symlinking: /home/remii/Projects/so-arm/install/so_arm101_moveit_config/share/so_arm101_moveit_config/environment/ament_prefix_path.sh
[0.789s] -- Symlinking: /home/remii/Projects/so-arm/install/so_arm101_moveit_config/share/so_arm101_moveit_config/environment/ament_prefix_path.dsv
[0.796s] -- Symlinking: /home/remii/Projects/so-arm/install/so_arm101_moveit_config/share/so_arm101_moveit_config/environment/path.sh
[0.802s] -- Symlinking: /home/remii/Projects/so-arm/install/so_arm101_moveit_config/share/so_arm101_moveit_config/environment/path.dsv
[0.808s] -- Symlinking: /home/remii/Projects/so-arm/install/so_arm101_moveit_config/share/so_arm101_moveit_config/local_setup.bash
[0.815s] -- Symlinking: /home/remii/Projects/so-arm/install/so_arm101_moveit_config/share/so_arm101_moveit_config/local_setup.sh
[0.820s] -- Symlinking: /home/remii/Projects/so-arm/install/so_arm101_moveit_config/share/so_arm101_moveit_config/local_setup.zsh
[0.827s] -- Symlinking: /home/remii/Projects/so-arm/install/so_arm101_moveit_config/share/so_arm101_moveit_config/local_setup.dsv
[0.833s] -- Symlinking: /home/remii/Projects/so-arm/install/so_arm101_moveit_config/share/so_arm101_moveit_config/package.dsv
[0.839s] -- Symlinking: /home/remii/Projects/so-arm/install/so_arm101_moveit_config/share/ament_index/resource_index/packages/so_arm101_moveit_config
[0.846s] -- Symlinking: /home/remii/Projects/so-arm/install/so_arm101_moveit_config/share/so_arm101_moveit_config/cmake/so_arm101_moveit_configConfig.cmake
[0.852s] -- Symlinking: /home/remii/Projects/so-arm/install/so_arm101_moveit_config/share/so_arm101_moveit_config/cmake/so_arm101_moveit_configConfig-version.cmake
[0.858s] -- Symlinking: /home/remii/Projects/so-arm/install/so_arm101_moveit_config/share/so_arm101_moveit_config/package.xml
[0.866s] Invoked command in '/home/remii/Projects/so-arm/build/so_arm101_moveit_config' returned '0': CMAKE_PREFIX_PATH=/home/remii/Projects/so-arm/install/so_arm101_description:/home/remii/Projects/so-arm/install/so_arm_utils:/home/remii/Projects/so-arm/install/feetech_ros2_driver:/home/remii/Projects/so-arm/install/so_arm_gz:/home/remii/Projects/so-arm/install/so_arm100_moveit_config:/home/remii/Projects/so-arm/install/so_arm100_description:/opt/ros/jazzy/opt/gz_sim_vendor:/opt/ros/jazzy/opt/gz_sensors_vendor:/opt/ros/jazzy/opt/gz_physics_vendor:/opt/ros/jazzy/opt/sdformat_vendor:/opt/ros/jazzy/opt/gz_gui_vendor:/opt/ros/jazzy/opt/gz_transport_vendor:/opt/ros/jazzy/opt/gz_rendering_vendor:/opt/ros/jazzy/opt/gz_plugin_vendor:/opt/ros/jazzy/opt/gz_fuel_tools_vendor:/opt/ros/jazzy/opt/gz_msgs_vendor:/opt/ros/jazzy/opt/gz_common_vendor:/opt/ros/jazzy/opt/gz_math_vendor:/opt/ros/jazzy/opt/gz_utils_vendor:/opt/ros/jazzy/opt/gz_tools_vendor:/opt/ros/jazzy/opt/gz_ogre_next_vendor:/opt/ros/jazzy/opt/gz_dartsim_vendor:/opt/ros/jazzy/opt/gz_cmake_vendor:/opt/ros/jazzy DEBUGINFOD_URLS=https://debuginfod.ubuntu.com /usr/bin/cmake --install /home/remii/Projects/so-arm/build/so_arm101_moveit_config
