[0.008s] Invoking command in '/home/remii/Projects/so-arm/build/feetech_ros2_driver': CMAKE_PREFIX_PATH=${CMAKE_PREFIX_PATH}:/opt/ros/jazzy DEBUGINFOD_URLS=https://debuginfod.ubuntu.com /usr/bin/cmake /home/remii/Projects/so-arm/src/feetech_ros2_driver -DAMENT_CMAKE_SYMLINK_INSTALL=1 -DCMAKE_INSTALL_PREFIX=/home/remii/Projects/so-arm/install/feetech_ros2_driver
[0.024s] -- feetech_driver version: 0.1.0
[0.027s] -- Found ament_cmake: 2.5.6 (/opt/ros/jazzy/share/ament_cmake/cmake)
[0.192s] -- Override CMake install command with custom implementation using symlinks instead of copying resources
[0.201s] -- Found rclcpp: 28.1.21 (/opt/ros/jazzy/share/rclcpp/cmake)
[0.224s] -- Found rosidl_generator_c: 4.6.9 (/opt/ros/jazzy/share/rosidl_generator_c/cmake)
[0.232s] -- Found rosidl_generator_cpp: 4.6.9 (/opt/ros/jazzy/share/rosidl_generator_cpp/cmake)
[0.242s] -- Using all available rosidl_typesupport_c: rosidl_typesupport_fastrtps_c;rosidl_typesupport_introspection_c
[0.253s] -- Using all available rosidl_typesupport_cpp: rosidl_typesupport_fastrtps_cpp;rosidl_typesupport_introspection_cpp
[0.310s] -- Found rmw_implementation_cmake: 7.3.3 (/opt/ros/jazzy/share/rmw_implementation_cmake/cmake)
[0.311s] -- Found rmw_fastrtps_cpp: 8.4.4 (/opt/ros/jazzy/share/rmw_fastrtps_cpp/cmake)
[0.365s] -- Using RMW implementation 'rmw_fastrtps_cpp' as default
[0.428s] -- Found rclcpp_lifecycle: 28.1.21 (/opt/ros/jazzy/share/rclcpp_lifecycle/cmake)
[0.454s] -- Found hardware_interface: 4.45.2 (/opt/ros/jazzy/share/hardware_interface/cmake)
[0.766s] -- Configuring done (0.8s)
[0.795s] -- Generating done (0.0s)
[0.801s] -- Build files have been written to: /home/remii/Projects/so-arm/build/feetech_ros2_driver
[0.808s] Invoked command in '/home/remii/Projects/so-arm/build/feetech_ros2_driver' returned '0': CMAKE_PREFIX_PATH=${CMAKE_PREFIX_PATH}:/opt/ros/jazzy DEBUGINFOD_URLS=https://debuginfod.ubuntu.com /usr/bin/cmake /home/remii/Projects/so-arm/src/feetech_ros2_driver -DAMENT_CMAKE_SYMLINK_INSTALL=1 -DCMAKE_INSTALL_PREFIX=/home/remii/Projects/so-arm/install/feetech_ros2_driver
[0.809s] Invoking command in '/home/remii/Projects/so-arm/build/feetech_ros2_driver': CMAKE_PREFIX_PATH=${CMAKE_PREFIX_PATH}:/opt/ros/jazzy DEBUGINFOD_URLS=https://debuginfod.ubuntu.com /usr/bin/cmake --build /home/remii/Projects/so-arm/build/feetech_ros2_driver -- -j8 -l8
[0.842s] [ 22%] [34m[1mGenerating feetech_ros2_driver/version.hpp[0m
[0.842s] [ 22%] [32mBuilding CXX object feetech_driver/CMakeFiles/serial_port.dir/src/serial_port.cpp.o[0m
[0.854s] [ 22%] Built target ament_generate_version_header__feetech_ros2_driver
[3.708s] [ 33%] [32m[1mLinking CXX shared library libserial_port.so[0m
[3.788s] [ 33%] Built target serial_port
[3.800s] [ 44%] [32mBuilding CXX object feetech_driver/CMakeFiles/communication_protocol.dir/src/communication_protocol.cpp.o[0m
[6.058s] [ 55%] [32m[1mLinking CXX shared library libcommunication_protocol.so[0m
[6.123s] [ 55%] Built target communication_protocol
[6.136s] [ 77%] [32mBuilding CXX object CMakeFiles/feetech_ros2_driver.dir/src/feetech_ros2_driver.cpp.o[0m
[6.136s] [ 77%] [32mBuilding CXX object feetech_driver/CMakeFiles/demo.dir/examples/demo.cpp.o[0m
[10.201s] [ 88%] [32m[1mLinking CXX executable demo[0m
[10.284s] [ 88%] Built target demo
[15.040s] [100%] [32m[1mLinking CXX shared library libfeetech_ros2_driver.so[0m
[15.299s] [100%] Built target feetech_ros2_driver
[15.307s] Invoked command in '/home/remii/Projects/so-arm/build/feetech_ros2_driver' returned '0': CMAKE_PREFIX_PATH=${CMAKE_PREFIX_PATH}:/opt/ros/jazzy DEBUGINFOD_URLS=https://debuginfod.ubuntu.com /usr/bin/cmake --build /home/remii/Projects/so-arm/build/feetech_ros2_driver -- -j8 -l8
[15.308s] Invoking command in '/home/remii/Projects/so-arm/build/feetech_ros2_driver': CMAKE_PREFIX_PATH=${CMAKE_PREFIX_PATH}:/opt/ros/jazzy DEBUGINFOD_URLS=https://debuginfod.ubuntu.com /usr/bin/cmake --install /home/remii/Projects/so-arm/build/feetech_ros2_driver
[15.313s] -- Install configuration: ""
[15.314s] -- Installing: /home/remii/Projects/so-arm/install/feetech_ros2_driver/lib/libserial_port.so.0.1.0
[15.314s] -- Installing: /home/remii/Projects/so-arm/install/feetech_ros2_driver/lib/libserial_port.so.0
[15.314s] -- Installing: /home/remii/Projects/so-arm/install/feetech_ros2_driver/lib/libserial_port.so
[15.314s] -- Installing: /home/remii/Projects/so-arm/install/feetech_ros2_driver/lib/libcommunication_protocol.so.0.1.0
[15.314s] -- Installing: /home/remii/Projects/so-arm/install/feetech_ros2_driver/lib/libcommunication_protocol.so.0
[15.315s] -- Set non-toolchain portion of runtime path of "/home/remii/Projects/so-arm/install/feetech_ros2_driver/lib/libcommunication_protocol.so.0.1.0" to ""
[15.315s] -- Installing: /home/remii/Projects/so-arm/install/feetech_ros2_driver/lib/libcommunication_protocol.so
[15.315s] -- Installing: /home/remii/Projects/so-arm/install/feetech_ros2_driver/bin/demo
[15.316s] -- Set non-toolchain portion of runtime path of "/home/remii/Projects/so-arm/install/feetech_ros2_driver/bin/demo" to ""
[15.316s] -- Installing: /home/remii/Projects/so-arm/install/feetech_ros2_driver/lib/cmake/feetech_driver/feetech_driver-config.cmake
[15.316s] -- Installing: /home/remii/Projects/so-arm/install/feetech_ros2_driver/lib/cmake/feetech_driver/feetech_driver-config-version.cmake
[15.316s] -- Installing: /home/remii/Projects/so-arm/install/feetech_ros2_driver/lib/cmake/feetech_driver/feetech_driver-targets.cmake
[15.316s] -- Installing: /home/remii/Projects/so-arm/install/feetech_ros2_driver/lib/cmake/feetech_driver/feetech_driver-targets-noconfig.cmake
[15.316s] -- Execute custom install script
[15.316s] -- Symlinking: /home/remii/Projects/so-arm/install/feetech_ros2_driver/share/feetech_ros2_driver//feetech_ros2_control_plugin_description.xml
[15.322s] -- Symlinking: /home/remii/Projects/so-arm/install/feetech_ros2_driver/include/feetech_ros2_driver/feetech_ros2_driver/feetech_ros2_driver.hpp
[15.328s] -- Symlinking: /home/remii/Projects/so-arm/install/feetech_ros2_driver/include/feetech_ros2_driver/feetech_ros2_driver/joint_config.hpp
[15.333s] -- Symlinking: /home/remii/Projects/so-arm/install/feetech_ros2_driver/share/feetech_ros2_driver/environment/library_path.sh
[15.339s] -- Symlinking: /home/remii/Projects/so-arm/install/feetech_ros2_driver/share/feetech_ros2_driver/environment/library_path.dsv
[15.345s] -- Symlinking: /home/remii/Projects/so-arm/install/feetech_ros2_driver/include/feetech_ros2_driver/feetech_ros2_driver/version.hpp
[15.351s] -- Symlinking: /home/remii/Projects/so-arm/install/feetech_ros2_driver/share/ament_index/resource_index/package_run_dependencies/feetech_ros2_driver
[15.357s] -- Symlinking: /home/remii/Projects/so-arm/install/feetech_ros2_driver/share/ament_index/resource_index/parent_prefix_path/feetech_ros2_driver
[15.363s] -- Symlinking: /home/remii/Projects/so-arm/install/feetech_ros2_driver/share/feetech_ros2_driver/environment/ament_prefix_path.sh
[15.369s] -- Symlinking: /home/remii/Projects/so-arm/install/feetech_ros2_driver/share/feetech_ros2_driver/environment/ament_prefix_path.dsv
[15.374s] -- Symlinking: /home/remii/Projects/so-arm/install/feetech_ros2_driver/share/feetech_ros2_driver/environment/path.sh
[15.380s] -- Symlinking: /home/remii/Projects/so-arm/install/feetech_ros2_driver/share/feetech_ros2_driver/environment/path.dsv
[15.386s] -- Symlinking: /home/remii/Projects/so-arm/install/feetech_ros2_driver/share/feetech_ros2_driver/local_setup.bash
[15.392s] -- Symlinking: /home/remii/Projects/so-arm/install/feetech_ros2_driver/share/feetech_ros2_driver/local_setup.sh
[15.398s] -- Symlinking: /home/remii/Projects/so-arm/install/feetech_ros2_driver/share/feetech_ros2_driver/local_setup.zsh
[15.403s] -- Symlinking: /home/remii/Projects/so-arm/install/feetech_ros2_driver/share/feetech_ros2_driver/local_setup.dsv
[15.409s] -- Symlinking: /home/remii/Projects/so-arm/install/feetech_ros2_driver/share/feetech_ros2_driver/package.dsv
[15.415s] -- Symlinking: /home/remii/Projects/so-arm/install/feetech_ros2_driver/share/ament_index/resource_index/packages/feetech_ros2_driver
[15.421s] -- Symlinking: /home/remii/Projects/so-arm/install/feetech_ros2_driver/share/ament_index/resource_index/hardware_interface__pluginlib__plugin/feetech_ros2_driver
[15.427s] -- Symlinking: /home/remii/Projects/so-arm/install/feetech_ros2_driver/share/feetech_ros2_driver/cmake/ament_cmake_export_targets-extras.cmake
[15.433s] -- Symlinking: /home/remii/Projects/so-arm/install/feetech_ros2_driver/share/feetech_ros2_driver/cmake/ament_cmake_export_dependencies-extras.cmake
[15.439s] -- Symlinking: /home/remii/Projects/so-arm/install/feetech_ros2_driver/share/feetech_ros2_driver/cmake/feetech_ros2_driverConfig.cmake
[15.445s] -- Symlinking: /home/remii/Projects/so-arm/install/feetech_ros2_driver/share/feetech_ros2_driver/cmake/feetech_ros2_driverConfig-version.cmake
[15.451s] -- Symlinking: /home/remii/Projects/so-arm/install/feetech_ros2_driver/share/feetech_ros2_driver/package.xml
[15.456s] -- Installing: /home/remii/Projects/so-arm/install/feetech_ros2_driver/lib/libfeetech_ros2_driver.so
[15.458s] -- Set non-toolchain portion of runtime path of "/home/remii/Projects/so-arm/install/feetech_ros2_driver/lib/libfeetech_ros2_driver.so" to ""
[15.458s] -- Installing: /home/remii/Projects/so-arm/install/feetech_ros2_driver/share/feetech_ros2_driver/cmake/feetech_ros2_driverTargetsExport.cmake
[15.458s] -- Installing: /home/remii/Projects/so-arm/install/feetech_ros2_driver/share/feetech_ros2_driver/cmake/feetech_ros2_driverTargetsExport-noconfig.cmake
[15.459s] Invoked command in '/home/remii/Projects/so-arm/build/feetech_ros2_driver' returned '0': CMAKE_PREFIX_PATH=${CMAKE_PREFIX_PATH}:/opt/ros/jazzy DEBUGINFOD_URLS=https://debuginfod.ubuntu.com /usr/bin/cmake --install /home/remii/Projects/so-arm/build/feetech_ros2_driver
