[0.007s] Invoking command in '/home/remii/Projects/so-arm/build/so_arm_utils': CMAKE_PREFIX_PATH=${CMAKE_PREFIX_PATH}:/opt/ros/jazzy DEBUGINFOD_URLS=https://debuginfod.ubuntu.com /usr/bin/cmake --build /home/remii/Projects/so-arm/build/so_arm_utils -- -j8 -l8
[0.043s] Built target ament_cmake_python_symlink_so_arm_utils
[0.226s] running install_scripts
[0.228s] running egg_info
[0.247s] writing so_arm_utils.egg-info/PKG-INFO
[0.247s] writing dependency_links to so_arm_utils.egg-info/dependency_links.txt
[0.247s] writing top-level names to so_arm_utils.egg-info/top_level.txt
[0.262s] /usr/lib/python3/dist-packages/setuptools/_distutils/cmd.py:66: SetuptoolsDeprecationWarning: setup.py install is deprecated.
[0.262s] !!
[0.262s] 
[0.262s]         ********************************************************************************
[0.262s]         Please avoid running ``setup.py`` directly.
[0.262s]         Instead, use pypa/build, pypa/installer or other
[0.262s]         standards-based tools.
[0.262s] 
[0.262s]         See https://blog.ganssle.io/articles/2021/10/setup-py-deprecated.html for details.
[0.262s]         ********************************************************************************
[0.262s] 
[0.262s] !!
[0.262s]   self.initialize_options()
[0.267s] running egg_info
[0.301s] reading manifest file 'so_arm_utils.egg-info/SOURCES.txt'
[0.302s] writing manifest file 'so_arm_utils.egg-info/SOURCES.txt'
[0.304s] writing so_arm_utils.egg-info/PKG-INFO
[0.305s] writing dependency_links to so_arm_utils.egg-info/dependency_links.txt
[0.305s] writing top-level names to so_arm_utils.egg-info/top_level.txt
[0.322s] Built target ament_cmake_python_build_so_arm_utils_egg
[0.341s] reading manifest file 'so_arm_utils.egg-info/SOURCES.txt'
[0.341s] writing manifest file 'so_arm_utils.egg-info/SOURCES.txt'
[0.460s] Built target ament_cmake_python_build_so_arm_utils_scripts
[0.467s] Invoked command in '/home/remii/Projects/so-arm/build/so_arm_utils' returned '0': CMAKE_PREFIX_PATH=${CMAKE_PREFIX_PATH}:/opt/ros/jazzy DEBUGINFOD_URLS=https://debuginfod.ubuntu.com /usr/bin/cmake --build /home/remii/Projects/so-arm/build/so_arm_utils -- -j8 -l8
[0.473s] Invoking command in '/home/remii/Projects/so-arm/build/so_arm_utils': CMAKE_PREFIX_PATH=${CMAKE_PREFIX_PATH}:/opt/ros/jazzy DEBUGINFOD_URLS=https://debuginfod.ubuntu.com /usr/bin/cmake --install /home/remii/Projects/so-arm/build/so_arm_utils
[0.478s] -- Install configuration: ""
[0.479s] -- Execute custom install script
[0.479s] -- Symlinking: /home/remii/Projects/so-arm/install/so_arm_utils/share/so_arm_utils/environment/pythonpath.sh
[0.485s] -- Symlinking: /home/remii/Projects/so-arm/install/so_arm_utils/share/so_arm_utils/environment/pythonpath.dsv
[0.490s] -- Symlinking: /home/remii/Projects/so-arm/install/so_arm_utils/lib/python3.12/site-packages/so_arm_utils-0.0.0-py3.12.egg-info/PKG-INFO
[0.496s] -- Symlinking: /home/remii/Projects/so-arm/install/so_arm_utils/lib/python3.12/site-packages/so_arm_utils-0.0.0-py3.12.egg-info/SOURCES.txt
[0.502s] -- Symlinking: /home/remii/Projects/so-arm/install/so_arm_utils/lib/python3.12/site-packages/so_arm_utils-0.0.0-py3.12.egg-info/dependency_links.txt
[0.508s] -- Symlinking: /home/remii/Projects/so-arm/install/so_arm_utils/lib/python3.12/site-packages/so_arm_utils-0.0.0-py3.12.egg-info/top_level.txt
[0.513s] -- Symlinking: /home/remii/Projects/so-arm/install/so_arm_utils/lib/python3.12/site-packages/so_arm_utils/__init__.py
[0.519s] -- Symlinking: /home/remii/Projects/so-arm/install/so_arm_utils/lib/python3.12/site-packages/so_arm_utils/constants.py
[0.524s] -- Symlinking: /home/remii/Projects/so-arm/install/so_arm_utils/lib/python3.12/site-packages/so_arm_utils/launch_utils.py
[0.530s] -- Symlinking: /home/remii/Projects/so-arm/install/so_arm_utils/share/ament_index/resource_index/package_run_dependencies/so_arm_utils
[0.535s] -- Symlinking: /home/remii/Projects/so-arm/install/so_arm_utils/share/ament_index/resource_index/parent_prefix_path/so_arm_utils
[0.541s] -- Symlinking: /home/remii/Projects/so-arm/install/so_arm_utils/share/so_arm_utils/environment/ament_prefix_path.sh
[0.547s] -- Symlinking: /home/remii/Projects/so-arm/install/so_arm_utils/share/so_arm_utils/environment/ament_prefix_path.dsv
[0.553s] -- Symlinking: /home/remii/Projects/so-arm/install/so_arm_utils/share/so_arm_utils/environment/path.sh
[0.558s] -- Symlinking: /home/remii/Projects/so-arm/install/so_arm_utils/share/so_arm_utils/environment/path.dsv
[0.564s] -- Symlinking: /home/remii/Projects/so-arm/install/so_arm_utils/share/so_arm_utils/local_setup.bash
[0.569s] -- Symlinking: /home/remii/Projects/so-arm/install/so_arm_utils/share/so_arm_utils/local_setup.sh
[0.575s] -- Symlinking: /home/remii/Projects/so-arm/install/so_arm_utils/share/so_arm_utils/local_setup.zsh
[0.581s] -- Symlinking: /home/remii/Projects/so-arm/install/so_arm_utils/share/so_arm_utils/local_setup.dsv
[0.586s] -- Symlinking: /home/remii/Projects/so-arm/install/so_arm_utils/share/so_arm_utils/package.dsv
[0.592s] -- Symlinking: /home/remii/Projects/so-arm/install/so_arm_utils/share/ament_index/resource_index/packages/so_arm_utils
[0.597s] -- Symlinking: /home/remii/Projects/so-arm/install/so_arm_utils/share/so_arm_utils/cmake/so_arm_utilsConfig.cmake
[0.603s] -- Symlinking: /home/remii/Projects/so-arm/install/so_arm_utils/share/so_arm_utils/cmake/so_arm_utilsConfig-version.cmake
[0.609s] -- Symlinking: /home/remii/Projects/so-arm/install/so_arm_utils/share/so_arm_utils/package.xml
[0.643s] Listing '/home/remii/Projects/so-arm/install/so_arm_utils/lib/python3.12/site-packages/so_arm_utils'...
[0.643s] Compiling '/home/remii/Projects/so-arm/install/so_arm_utils/lib/python3.12/site-packages/so_arm_utils/__init__.py'...
[0.643s] Compiling '/home/remii/Projects/so-arm/install/so_arm_utils/lib/python3.12/site-packages/so_arm_utils/constants.py'...
[0.643s] Compiling '/home/remii/Projects/so-arm/install/so_arm_utils/lib/python3.12/site-packages/so_arm_utils/launch_utils.py'...
[0.649s] Invoked command in '/home/remii/Projects/so-arm/build/so_arm_utils' returned '0': CMAKE_PREFIX_PATH=${CMAKE_PREFIX_PATH}:/opt/ros/jazzy DEBUGINFOD_URLS=https://debuginfod.ubuntu.com /usr/bin/cmake --install /home/remii/Projects/so-arm/build/so_arm_utils
