[0.012s] Invoking command in '/home/remii/Projects/so-arm/build/feetech_ros2_driver': CMAKE_PREFIX_PATH=${CMAKE_PREFIX_PATH}:/opt/ros/jazzy DEBUGINFOD_URLS=https://debuginfod.ubuntu.com /usr/bin/cmake /home/remii/Projects/so-arm/src/feetech_ros2_driver -DAMENT_CMAKE_SYMLINK_INSTALL=1 -DCMAKE_INSTALL_PREFIX=/home/remii/Projects/so-arm/install/feetech_ros2_driver
[0.050s] -- feetech_driver version: 0.1.0
[0.054s] -- Found ament_cmake: 2.5.6 (/opt/ros/jazzy/share/ament_cmake/cmake)
[0.222s] -- Override CMake install command with custom implementation using symlinks instead of copying resources
[0.232s] -- Found rclcpp: 28.1.21 (/opt/ros/jazzy/share/rclcpp/cmake)
[0.263s] -- Found rosidl_generator_c: 4.6.9 (/opt/ros/jazzy/share/rosidl_generator_c/cmake)
[0.274s] -- Found rosidl_generator_cpp: 4.6.9 (/opt/ros/jazzy/share/rosidl_generator_cpp/cmake)
[0.287s] -- Using all available rosidl_typesupport_c: rosidl_typesupport_fastrtps_c;rosidl_typesupport_introspection_c
[0.302s] -- Using all available rosidl_typesupport_cpp: rosidl_typesupport_fastrtps_cpp;rosidl_typesupport_introspection_cpp
[0.370s] -- Found rmw_implementation_cmake: 7.3.3 (/opt/ros/jazzy/share/rmw_implementation_cmake/cmake)
[0.372s] -- Found rmw_fastrtps_cpp: 8.4.4 (/opt/ros/jazzy/share/rmw_fastrtps_cpp/cmake)
[0.436s] -- Using RMW implementation 'rmw_fastrtps_cpp' as default
[0.513s] -- Found rclcpp_lifecycle: 28.1.21 (/opt/ros/jazzy/share/rclcpp_lifecycle/cmake)
[0.543s] -- Found hardware_interface: 4.45.2 (/opt/ros/jazzy/share/hardware_interface/cmake)
[0.849s] -- Configuring done (0.8s)
[0.877s] -- Generating done (0.0s)
[0.883s] -- Build files have been written to: /home/remii/Projects/so-arm/build/feetech_ros2_driver
[0.892s] Invoked command in '/home/remii/Projects/so-arm/build/feetech_ros2_driver' returned '0': CMAKE_PREFIX_PATH=${CMAKE_PREFIX_PATH}:/opt/ros/jazzy DEBUGINFOD_URLS=https://debuginfod.ubuntu.com /usr/bin/cmake /home/remii/Projects/so-arm/src/feetech_ros2_driver -DAMENT_CMAKE_SYMLINK_INSTALL=1 -DCMAKE_INSTALL_PREFIX=/home/remii/Projects/so-arm/install/feetech_ros2_driver
[0.892s] Invoking command in '/home/remii/Projects/so-arm/build/feetech_ros2_driver': CMAKE_PREFIX_PATH=${CMAKE_PREFIX_PATH}:/opt/ros/jazzy DEBUGINFOD_URLS=https://debuginfod.ubuntu.com /usr/bin/cmake --build /home/remii/Projects/so-arm/build/feetech_ros2_driver -- -j8 -l8
[0.932s] [ 11%] Built target ament_generate_version_header__feetech_ros2_driver
[0.937s] [ 33%] Built target serial_port
[0.956s] [ 55%] Built target communication_protocol
[0.976s] [ 77%] Built target demo
[0.989s] [100%] Built target feetech_ros2_driver
[1.000s] Invoked command in '/home/remii/Projects/so-arm/build/feetech_ros2_driver' returned '0': CMAKE_PREFIX_PATH=${CMAKE_PREFIX_PATH}:/opt/ros/jazzy DEBUGINFOD_URLS=https://debuginfod.ubuntu.com /usr/bin/cmake --build /home/remii/Projects/so-arm/build/feetech_ros2_driver -- -j8 -l8
[1.001s] Invoking command in '/home/remii/Projects/so-arm/build/feetech_ros2_driver': CMAKE_PREFIX_PATH=${CMAKE_PREFIX_PATH}:/opt/ros/jazzy DEBUGINFOD_URLS=https://debuginfod.ubuntu.com /usr/bin/cmake --install /home/remii/Projects/so-arm/build/feetech_ros2_driver
[1.006s] -- Install configuration: ""
[1.007s] -- Up-to-date: /home/remii/Projects/so-arm/install/feetech_ros2_driver/lib/libserial_port.so.0.1.0
[1.007s] -- Up-to-date: /home/remii/Projects/so-arm/install/feetech_ros2_driver/lib/libserial_port.so.0
[1.007s] -- Up-to-date: /home/remii/Projects/so-arm/install/feetech_ros2_driver/lib/libserial_port.so
[1.007s] -- Up-to-date: /home/remii/Projects/so-arm/install/feetech_ros2_driver/lib/libcommunication_protocol.so.0.1.0
[1.008s] -- Up-to-date: /home/remii/Projects/so-arm/install/feetech_ros2_driver/lib/libcommunication_protocol.so.0
[1.008s] -- Up-to-date: /home/remii/Projects/so-arm/install/feetech_ros2_driver/lib/libcommunication_protocol.so
[1.008s] -- Up-to-date: /home/remii/Projects/so-arm/install/feetech_ros2_driver/bin/demo
[1.008s] -- Up-to-date: /home/remii/Projects/so-arm/install/feetech_ros2_driver/lib/cmake/feetech_driver/feetech_driver-config.cmake
[1.008s] -- Up-to-date: /home/remii/Projects/so-arm/install/feetech_ros2_driver/lib/cmake/feetech_driver/feetech_driver-config-version.cmake
[1.008s] -- Up-to-date: /home/remii/Projects/so-arm/install/feetech_ros2_driver/lib/cmake/feetech_driver/feetech_driver-targets.cmake
[1.008s] -- Up-to-date: /home/remii/Projects/so-arm/install/feetech_ros2_driver/lib/cmake/feetech_driver/feetech_driver-targets-noconfig.cmake
[1.009s] -- Execute custom install script
[1.009s] -- Up-to-date symlink: /home/remii/Projects/so-arm/install/feetech_ros2_driver/share/feetech_ros2_driver//feetech_ros2_control_plugin_description.xml
[1.009s] -- Up-to-date symlink: /home/remii/Projects/so-arm/install/feetech_ros2_driver/include/feetech_ros2_driver/feetech_ros2_driver/feetech_ros2_driver.hpp
[1.009s] -- Up-to-date symlink: /home/remii/Projects/so-arm/install/feetech_ros2_driver/include/feetech_ros2_driver/feetech_ros2_driver/joint_config.hpp
[1.009s] -- Up-to-date symlink: /home/remii/Projects/so-arm/install/feetech_ros2_driver/share/feetech_ros2_driver/environment/library_path.sh
[1.009s] -- Up-to-date symlink: /home/remii/Projects/so-arm/install/feetech_ros2_driver/share/feetech_ros2_driver/environment/library_path.dsv
[1.010s] -- Up-to-date symlink: /home/remii/Projects/so-arm/install/feetech_ros2_driver/include/feetech_ros2_driver/feetech_ros2_driver/version.hpp
[1.010s] -- Up-to-date symlink: /home/remii/Projects/so-arm/install/feetech_ros2_driver/share/ament_index/resource_index/package_run_dependencies/feetech_ros2_driver
[1.010s] -- Up-to-date symlink: /home/remii/Projects/so-arm/install/feetech_ros2_driver/share/ament_index/resource_index/parent_prefix_path/feetech_ros2_driver
[1.010s] -- Up-to-date symlink: /home/remii/Projects/so-arm/install/feetech_ros2_driver/share/feetech_ros2_driver/environment/ament_prefix_path.sh
[1.010s] -- Up-to-date symlink: /home/remii/Projects/so-arm/install/feetech_ros2_driver/share/feetech_ros2_driver/environment/ament_prefix_path.dsv
[1.010s] -- Up-to-date symlink: /home/remii/Projects/so-arm/install/feetech_ros2_driver/share/feetech_ros2_driver/environment/path.sh
[1.010s] -- Up-to-date symlink: /home/remii/Projects/so-arm/install/feetech_ros2_driver/share/feetech_ros2_driver/environment/path.dsv
[1.010s] -- Up-to-date symlink: /home/remii/Projects/so-arm/install/feetech_ros2_driver/share/feetech_ros2_driver/local_setup.bash
[1.010s] -- Up-to-date symlink: /home/remii/Projects/so-arm/install/feetech_ros2_driver/share/feetech_ros2_driver/local_setup.sh
[1.011s] -- Up-to-date symlink: /home/remii/Projects/so-arm/install/feetech_ros2_driver/share/feetech_ros2_driver/local_setup.zsh
[1.011s] -- Up-to-date symlink: /home/remii/Projects/so-arm/install/feetech_ros2_driver/share/feetech_ros2_driver/local_setup.dsv
[1.011s] -- Symlinking: /home/remii/Projects/so-arm/install/feetech_ros2_driver/share/feetech_ros2_driver/package.dsv
[1.017s] -- Up-to-date symlink: /home/remii/Projects/so-arm/install/feetech_ros2_driver/share/ament_index/resource_index/packages/feetech_ros2_driver
[1.018s] -- Up-to-date symlink: /home/remii/Projects/so-arm/install/feetech_ros2_driver/share/ament_index/resource_index/hardware_interface__pluginlib__plugin/feetech_ros2_driver
[1.018s] -- Up-to-date symlink: /home/remii/Projects/so-arm/install/feetech_ros2_driver/share/feetech_ros2_driver/cmake/ament_cmake_export_targets-extras.cmake
[1.018s] -- Up-to-date symlink: /home/remii/Projects/so-arm/install/feetech_ros2_driver/share/feetech_ros2_driver/cmake/ament_cmake_export_dependencies-extras.cmake
[1.018s] -- Up-to-date symlink: /home/remii/Projects/so-arm/install/feetech_ros2_driver/share/feetech_ros2_driver/cmake/feetech_ros2_driverConfig.cmake
[1.018s] -- Up-to-date symlink: /home/remii/Projects/so-arm/install/feetech_ros2_driver/share/feetech_ros2_driver/cmake/feetech_ros2_driverConfig-version.cmake
[1.018s] -- Up-to-date symlink: /home/remii/Projects/so-arm/install/feetech_ros2_driver/share/feetech_ros2_driver/package.xml
[1.019s] -- Up-to-date: /home/remii/Projects/so-arm/install/feetech_ros2_driver/lib/libfeetech_ros2_driver.so
[1.019s] -- Up-to-date: /home/remii/Projects/so-arm/install/feetech_ros2_driver/share/feetech_ros2_driver/cmake/feetech_ros2_driverTargetsExport.cmake
[1.019s] -- Up-to-date: /home/remii/Projects/so-arm/install/feetech_ros2_driver/share/feetech_ros2_driver/cmake/feetech_ros2_driverTargetsExport-noconfig.cmake
[1.020s] Invoked command in '/home/remii/Projects/so-arm/build/feetech_ros2_driver' returned '0': CMAKE_PREFIX_PATH=${CMAKE_PREFIX_PATH}:/opt/ros/jazzy DEBUGINFOD_URLS=https://debuginfod.ubuntu.com /usr/bin/cmake --install /home/remii/Projects/so-arm/build/feetech_ros2_driver
