[0.008s] Invoking command in '/home/remii/Projects/so-arm/build/feetech_ros2_driver': CMAKE_PREFIX_PATH=${CMAKE_PREFIX_PATH}:/opt/ros/jazzy DEBUGINFOD_URLS=https://debuginfod.ubuntu.com /usr/bin/cmake /home/remii/Projects/so-arm/src/feetech_ros2_driver -DAMENT_CMAKE_SYMLINK_INSTALL=1 -DCMAKE_INSTALL_PREFIX=/home/remii/Projects/so-arm/install/feetech_ros2_driver
[0.047s] -- The C compiler identification is GNU 13.3.0
[0.088s] -- The CXX compiler identification is GNU 13.3.0
[0.098s] -- Detecting C compiler ABI info
[0.155s] -- Detecting C compiler ABI info - done
[0.163s] -- Check for working C compiler: /usr/bin/cc - skipped
[0.163s] -- Detecting C compile features
[0.163s] -- Detecting C compile features - done
[0.169s] -- Detecting CXX compiler ABI info
[0.235s] -- Detecting CXX compiler ABI info - done
[0.243s] -- Check for working CXX compiler: /usr/bin/c++ - skipped
[0.243s] -- Detecting CXX compile features
[0.244s] -- Detecting CXX compile features - done
[0.249s] -- Performing Test CMAKE_HAVE_LIBC_PTHREAD
[0.307s] -- Performing Test CMAKE_HAVE_LIBC_PTHREAD - Success
[0.307s] -- Found Threads: TRUE  
[0.312s] -- Found PkgConfig: /usr/bin/pkg-config (found version "1.8.1") 
[0.313s] -- Checking for module 'libserial'
[0.320s] --   Found libserial, version 1.0.0
[0.337s] -- feetech_driver version: 0.1.0
[0.341s] -- Found ament_cmake: 2.5.6 (/opt/ros/jazzy/share/ament_cmake/cmake)
[0.450s] -- Found Python3: /usr/bin/python3 (found version "3.12.3") found components: Interpreter 
[0.509s] -- Override CMake install command with custom implementation using symlinks instead of copying resources
[0.530s] -- Found rclcpp: 28.1.21 (/opt/ros/jazzy/share/rclcpp/cmake)
[0.557s] -- Found rosidl_generator_c: 4.6.9 (/opt/ros/jazzy/share/rosidl_generator_c/cmake)
[0.567s] -- Found rosidl_generator_cpp: 4.6.9 (/opt/ros/jazzy/share/rosidl_generator_cpp/cmake)
[0.579s] -- Using all available rosidl_typesupport_c: rosidl_typesupport_fastrtps_c;rosidl_typesupport_introspection_c
[0.594s] -- Using all available rosidl_typesupport_cpp: rosidl_typesupport_fastrtps_cpp;rosidl_typesupport_introspection_cpp
[0.661s] -- Found rmw_implementation_cmake: 7.3.3 (/opt/ros/jazzy/share/rmw_implementation_cmake/cmake)
[0.663s] -- Found rmw_fastrtps_cpp: 8.4.4 (/opt/ros/jazzy/share/rmw_fastrtps_cpp/cmake)
[0.716s] -- Found OpenSSL: /usr/lib/x86_64-linux-gnu/libcrypto.so (found version "3.0.13")  
[0.732s] -- Found FastRTPS: /opt/ros/jazzy/include (Required is at least version "2.13") 
[0.751s] -- Using RMW implementation 'rmw_fastrtps_cpp' as default
[0.821s] -- Found rclcpp_lifecycle: 28.1.21 (/opt/ros/jazzy/share/rclcpp_lifecycle/cmake)
[0.855s] [31mCMake Error at CMakeLists.txt:34 (find_package):
[0.855s]   By not providing "Findhardware_interface.cmake" in CMAKE_MODULE_PATH this
[0.856s]   project has asked CMake to find a package configuration file provided by
[0.856s]   "hardware_interface", but CMake did not find one.
[0.856s] 
[0.856s]   Could not find a package configuration file provided by
[0.856s]   "hardware_interface" with any of the following names:
[0.856s] 
[0.856s]     hardware_interfaceConfig.cmake
[0.856s]     hardware_interface-config.cmake
[0.856s] 
[0.856s]   Add the installation prefix of "hardware_interface" to CMAKE_PREFIX_PATH or
[0.856s]   set "hardware_interface_DIR" to a directory containing one of the above
[0.856s]   files.  If "hardware_interface" provides a separate development package or
[0.856s]   SDK, be sure it has been installed.
[0.856s] 
[0.856s] [0m
[0.856s] -- Configuring incomplete, errors occurred!
[0.862s] Invoked command in '/home/remii/Projects/so-arm/build/feetech_ros2_driver' returned '1': CMAKE_PREFIX_PATH=${CMAKE_PREFIX_PATH}:/opt/ros/jazzy DEBUGINFOD_URLS=https://debuginfod.ubuntu.com /usr/bin/cmake /home/remii/Projects/so-arm/src/feetech_ros2_driver -DAMENT_CMAKE_SYMLINK_INSTALL=1 -DCMAKE_INSTALL_PREFIX=/home/remii/Projects/so-arm/install/feetech_ros2_driver
