[0.009s] Invoking command in '/home/remii/Projects/so-arm/build/feetech_ros2_driver': CMAKE_PREFIX_PATH=${CMAKE_PREFIX_PATH}:/opt/ros/jazzy DEBUGINFOD_URLS=https://debuginfod.ubuntu.com /usr/bin/cmake /home/remii/Projects/so-arm/src/feetech_ros2_driver -DAMENT_CMAKE_SYMLINK_INSTALL=1 -DCMAKE_INSTALL_PREFIX=/home/remii/Projects/so-arm/install/feetech_ros2_driver
[0.025s] -- feetech_driver version: 0.1.0
[0.029s] -- Found ament_cmake: 2.5.6 (/opt/ros/jazzy/share/ament_cmake/cmake)
[0.134s] -- Found Python3: /usr/bin/python3 (found version "3.12.3") found components: Interpreter 
[0.196s] -- Override CMake install command with custom implementation using symlinks instead of copying resources
[0.223s] -- Found rclcpp: 28.1.21 (/opt/ros/jazzy/share/rclcpp/cmake)
[0.258s] -- Found rosidl_generator_c: 4.6.9 (/opt/ros/jazzy/share/rosidl_generator_c/cmake)
[0.269s] -- Found rosidl_generator_cpp: 4.6.9 (/opt/ros/jazzy/share/rosidl_generator_cpp/cmake)
[0.284s] -- Using all available rosidl_typesupport_c: rosidl_typesupport_fastrtps_c;rosidl_typesupport_introspection_c
[0.300s] -- Using all available rosidl_typesupport_cpp: rosidl_typesupport_fastrtps_cpp;rosidl_typesupport_introspection_cpp
[0.373s] -- Found rmw_implementation_cmake: 7.3.3 (/opt/ros/jazzy/share/rmw_implementation_cmake/cmake)
[0.375s] -- Found rmw_fastrtps_cpp: 8.4.4 (/opt/ros/jazzy/share/rmw_fastrtps_cpp/cmake)
[0.433s] -- Found OpenSSL: /usr/lib/x86_64-linux-gnu/libcrypto.so (found version "3.0.13")  
[0.450s] -- Found FastRTPS: /opt/ros/jazzy/include (Required is at least version "2.13") 
[0.469s] -- Using RMW implementation 'rmw_fastrtps_cpp' as default
[0.547s] -- Found rclcpp_lifecycle: 28.1.21 (/opt/ros/jazzy/share/rclcpp_lifecycle/cmake)
[0.583s] [31mCMake Error at CMakeLists.txt:34 (find_package):
[0.583s]   By not providing "Findhardware_interface.cmake" in CMAKE_MODULE_PATH this
[0.583s]   project has asked CMake to find a package configuration file provided by
[0.583s]   "hardware_interface", but CMake did not find one.
[0.583s] 
[0.584s]   Could not find a package configuration file provided by
[0.584s]   "hardware_interface" with any of the following names:
[0.584s] 
[0.584s]     hardware_interfaceConfig.cmake
[0.584s]     hardware_interface-config.cmake
[0.584s] 
[0.584s]   Add the installation prefix of "hardware_interface" to CMAKE_PREFIX_PATH or
[0.584s]   set "hardware_interface_DIR" to a directory containing one of the above
[0.584s]   files.  If "hardware_interface" provides a separate development package or
[0.584s]   SDK, be sure it has been installed.
[0.584s] 
[0.584s] [0m
[0.584s] -- Configuring incomplete, errors occurred!
[0.589s] Invoked command in '/home/remii/Projects/so-arm/build/feetech_ros2_driver' returned '1': CMAKE_PREFIX_PATH=${CMAKE_PREFIX_PATH}:/opt/ros/jazzy DEBUGINFOD_URLS=https://debuginfod.ubuntu.com /usr/bin/cmake /home/remii/Projects/so-arm/src/feetech_ros2_driver -DAMENT_CMAKE_SYMLINK_INSTALL=1 -DCMAKE_INSTALL_PREFIX=/home/remii/Projects/so-arm/install/feetech_ros2_driver
