-- Found ament_cmake: 2.5.6 (/opt/ros/jazzy/share/ament_cmake/cmake)
-- Override CMake install command with custom implementation using symlinks instead of copying resources
-- Configuring done (0.3s)
-- Generating done (0.0s)
-- Build files have been written to: /home/remii/Projects/so-arm/build/so_arm_utils
Built target ament_cmake_python_symlink_so_arm_utils
running install_scripts
running egg_info
writing so_arm_utils.egg-info/PKG-INFO
writing dependency_links to so_arm_utils.egg-info/dependency_links.txt
writing top-level names to so_arm_utils.egg-info/top_level.txt
/usr/lib/python3/dist-packages/setuptools/_distutils/cmd.py:66: SetuptoolsDeprecationWarning: setup.py install is deprecated.
!!

        ********************************************************************************
        Please avoid running ``setup.py`` directly.
        Instead, use pypa/build, pypa/installer or other
        standards-based tools.

        See https://blog.ganssle.io/articles/2021/10/setup-py-deprecated.html for details.
        ********************************************************************************

!!
  self.initialize_options()
running egg_info
writing so_arm_utils.egg-info/PKG-INFO
writing dependency_links to so_arm_utils.egg-info/dependency_links.txt
writing top-level names to so_arm_utils.egg-info/top_level.txt
reading manifest file 'so_arm_utils.egg-info/SOURCES.txt'
writing manifest file 'so_arm_utils.egg-info/SOURCES.txt'
Built target ament_cmake_python_build_so_arm_utils_egg
reading manifest file 'so_arm_utils.egg-info/SOURCES.txt'
writing manifest file 'so_arm_utils.egg-info/SOURCES.txt'
Built target ament_cmake_python_build_so_arm_utils_scripts
-- Install configuration: ""
-- Execute custom install script
-- Up-to-date symlink: /home/remii/Projects/so-arm/install/so_arm_utils/share/so_arm_utils/environment/pythonpath.sh
-- Up-to-date symlink: /home/remii/Projects/so-arm/install/so_arm_utils/share/so_arm_utils/environment/pythonpath.dsv
-- Up-to-date symlink: /home/remii/Projects/so-arm/install/so_arm_utils/lib/python3.12/site-packages/so_arm_utils-0.0.0-py3.12.egg-info/PKG-INFO
-- Up-to-date symlink: /home/remii/Projects/so-arm/install/so_arm_utils/lib/python3.12/site-packages/so_arm_utils-0.0.0-py3.12.egg-info/SOURCES.txt
-- Up-to-date symlink: /home/remii/Projects/so-arm/install/so_arm_utils/lib/python3.12/site-packages/so_arm_utils-0.0.0-py3.12.egg-info/dependency_links.txt
-- Up-to-date symlink: /home/remii/Projects/so-arm/install/so_arm_utils/lib/python3.12/site-packages/so_arm_utils-0.0.0-py3.12.egg-info/top_level.txt
-- Up-to-date symlink: /home/remii/Projects/so-arm/install/so_arm_utils/lib/python3.12/site-packages/so_arm_utils/__init__.py
-- Up-to-date symlink: /home/remii/Projects/so-arm/install/so_arm_utils/lib/python3.12/site-packages/so_arm_utils/constants.py
-- Up-to-date symlink: /home/remii/Projects/so-arm/install/so_arm_utils/lib/python3.12/site-packages/so_arm_utils/launch_utils.py
-- Up-to-date symlink: /home/remii/Projects/so-arm/install/so_arm_utils/share/ament_index/resource_index/package_run_dependencies/so_arm_utils
-- Up-to-date symlink: /home/remii/Projects/so-arm/install/so_arm_utils/share/ament_index/resource_index/parent_prefix_path/so_arm_utils
-- Up-to-date symlink: /home/remii/Projects/so-arm/install/so_arm_utils/share/so_arm_utils/environment/ament_prefix_path.sh
-- Up-to-date symlink: /home/remii/Projects/so-arm/install/so_arm_utils/share/so_arm_utils/environment/ament_prefix_path.dsv
-- Up-to-date symlink: /home/remii/Projects/so-arm/install/so_arm_utils/share/so_arm_utils/environment/path.sh
-- Up-to-date symlink: /home/remii/Projects/so-arm/install/so_arm_utils/share/so_arm_utils/environment/path.dsv
-- Up-to-date symlink: /home/remii/Projects/so-arm/install/so_arm_utils/share/so_arm_utils/local_setup.bash
-- Up-to-date symlink: /home/remii/Projects/so-arm/install/so_arm_utils/share/so_arm_utils/local_setup.sh
-- Up-to-date symlink: /home/remii/Projects/so-arm/install/so_arm_utils/share/so_arm_utils/local_setup.zsh
-- Up-to-date symlink: /home/remii/Projects/so-arm/install/so_arm_utils/share/so_arm_utils/local_setup.dsv
-- Symlinking: /home/remii/Projects/so-arm/install/so_arm_utils/share/so_arm_utils/package.dsv
-- Up-to-date symlink: /home/remii/Projects/so-arm/install/so_arm_utils/share/ament_index/resource_index/packages/so_arm_utils
-- Up-to-date symlink: /home/remii/Projects/so-arm/install/so_arm_utils/share/so_arm_utils/cmake/so_arm_utilsConfig.cmake
-- Up-to-date symlink: /home/remii/Projects/so-arm/install/so_arm_utils/share/so_arm_utils/cmake/so_arm_utilsConfig-version.cmake
-- Up-to-date symlink: /home/remii/Projects/so-arm/install/so_arm_utils/share/so_arm_utils/package.xml
Listing '/home/remii/Projects/so-arm/install/so_arm_utils/lib/python3.12/site-packages/so_arm_utils'...
