[0.008s] Invoking command in '/home/remii/Projects/so-arm/build/so_arm_utils': CMAKE_PREFIX_PATH=${CMAKE_PREFIX_PATH}:/opt/ros/jazzy DEBUGINFOD_URLS=https://debuginfod.ubuntu.com /usr/bin/cmake /home/remii/Projects/so-arm/src/ros2_so_arm100/so_arm_utils -DCMAKE_INSTALL_PREFIX=/home/remii/Projects/so-arm/install/so_arm_utils
[0.017s] -- Found ament_cmake: 2.5.6 (/opt/ros/jazzy/share/ament_cmake/cmake)
[0.185s] -- Override CMake install command with custom implementation using symlinks instead of copying resources
[0.344s] -- Configuring done (0.3s)
[0.347s] -- Generating done (0.0s)
[0.349s] -- Build files have been written to: /home/remii/Projects/so-arm/build/so_arm_utils
[0.352s] Invoked command in '/home/remii/Projects/so-arm/build/so_arm_utils' returned '0': CMAKE_PREFIX_PATH=${CMAKE_PREFIX_PATH}:/opt/ros/jazzy DEBUGINFOD_URLS=https://debuginfod.ubuntu.com /usr/bin/cmake /home/remii/Projects/so-arm/src/ros2_so_arm100/so_arm_utils -DCMAKE_INSTALL_PREFIX=/home/remii/Projects/so-arm/install/so_arm_utils
[0.352s] Invoking command in '/home/remii/Projects/so-arm/build/so_arm_utils': CMAKE_PREFIX_PATH=${CMAKE_PREFIX_PATH}:/opt/ros/jazzy DEBUGINFOD_URLS=https://debuginfod.ubuntu.com /usr/bin/cmake --build /home/remii/Projects/so-arm/build/so_arm_utils -- -j8 -l8
[0.392s] Built target ament_cmake_python_symlink_so_arm_utils
[0.586s] running install_scripts
[0.590s] running egg_info
[0.611s] writing so_arm_utils.egg-info/PKG-INFO
[0.611s] writing dependency_links to so_arm_utils.egg-info/dependency_links.txt
[0.611s] writing top-level names to so_arm_utils.egg-info/top_level.txt
[0.625s] /usr/lib/python3/dist-packages/setuptools/_distutils/cmd.py:66: SetuptoolsDeprecationWarning: setup.py install is deprecated.
[0.625s] !!
[0.625s] 
[0.625s]         ********************************************************************************
[0.625s]         Please avoid running ``setup.py`` directly.
[0.625s]         Instead, use pypa/build, pypa/installer or other
[0.625s]         standards-based tools.
[0.625s] 
[0.625s]         See https://blog.ganssle.io/articles/2021/10/setup-py-deprecated.html for details.
[0.625s]         ********************************************************************************
[0.625s] 
[0.625s] !!
[0.625s]   self.initialize_options()
[0.630s] running egg_info
[0.671s] writing so_arm_utils.egg-info/PKG-INFO
[0.671s] writing dependency_links to so_arm_utils.egg-info/dependency_links.txt
[0.671s] writing top-level names to so_arm_utils.egg-info/top_level.txt
[0.671s] reading manifest file 'so_arm_utils.egg-info/SOURCES.txt'
[0.672s] writing manifest file 'so_arm_utils.egg-info/SOURCES.txt'
[0.695s] Built target ament_cmake_python_build_so_arm_utils_egg
[0.711s] reading manifest file 'so_arm_utils.egg-info/SOURCES.txt'
[0.711s] writing manifest file 'so_arm_utils.egg-info/SOURCES.txt'
[0.848s] Built target ament_cmake_python_build_so_arm_utils_scripts
[0.856s] Invoked command in '/home/remii/Projects/so-arm/build/so_arm_utils' returned '0': CMAKE_PREFIX_PATH=${CMAKE_PREFIX_PATH}:/opt/ros/jazzy DEBUGINFOD_URLS=https://debuginfod.ubuntu.com /usr/bin/cmake --build /home/remii/Projects/so-arm/build/so_arm_utils -- -j8 -l8
[0.862s] Invoking command in '/home/remii/Projects/so-arm/build/so_arm_utils': CMAKE_PREFIX_PATH=${CMAKE_PREFIX_PATH}:/opt/ros/jazzy DEBUGINFOD_URLS=https://debuginfod.ubuntu.com /usr/bin/cmake --install /home/remii/Projects/so-arm/build/so_arm_utils
[0.868s] -- Install configuration: ""
[0.868s] -- Execute custom install script
[0.868s] -- Up-to-date symlink: /home/remii/Projects/so-arm/install/so_arm_utils/share/so_arm_utils/environment/pythonpath.sh
[0.868s] -- Up-to-date symlink: /home/remii/Projects/so-arm/install/so_arm_utils/share/so_arm_utils/environment/pythonpath.dsv
[0.869s] -- Up-to-date symlink: /home/remii/Projects/so-arm/install/so_arm_utils/lib/python3.12/site-packages/so_arm_utils-0.0.0-py3.12.egg-info/PKG-INFO
[0.869s] -- Up-to-date symlink: /home/remii/Projects/so-arm/install/so_arm_utils/lib/python3.12/site-packages/so_arm_utils-0.0.0-py3.12.egg-info/SOURCES.txt
[0.869s] -- Up-to-date symlink: /home/remii/Projects/so-arm/install/so_arm_utils/lib/python3.12/site-packages/so_arm_utils-0.0.0-py3.12.egg-info/dependency_links.txt
[0.869s] -- Up-to-date symlink: /home/remii/Projects/so-arm/install/so_arm_utils/lib/python3.12/site-packages/so_arm_utils-0.0.0-py3.12.egg-info/top_level.txt
[0.869s] -- Up-to-date symlink: /home/remii/Projects/so-arm/install/so_arm_utils/lib/python3.12/site-packages/so_arm_utils/__init__.py
[0.869s] -- Up-to-date symlink: /home/remii/Projects/so-arm/install/so_arm_utils/lib/python3.12/site-packages/so_arm_utils/constants.py
[0.869s] -- Up-to-date symlink: /home/remii/Projects/so-arm/install/so_arm_utils/lib/python3.12/site-packages/so_arm_utils/launch_utils.py
[0.869s] -- Up-to-date symlink: /home/remii/Projects/so-arm/install/so_arm_utils/share/ament_index/resource_index/package_run_dependencies/so_arm_utils
[0.870s] -- Up-to-date symlink: /home/remii/Projects/so-arm/install/so_arm_utils/share/ament_index/resource_index/parent_prefix_path/so_arm_utils
[0.870s] -- Up-to-date symlink: /home/remii/Projects/so-arm/install/so_arm_utils/share/so_arm_utils/environment/ament_prefix_path.sh
[0.870s] -- Up-to-date symlink: /home/remii/Projects/so-arm/install/so_arm_utils/share/so_arm_utils/environment/ament_prefix_path.dsv
[0.870s] -- Up-to-date symlink: /home/remii/Projects/so-arm/install/so_arm_utils/share/so_arm_utils/environment/path.sh
[0.870s] -- Up-to-date symlink: /home/remii/Projects/so-arm/install/so_arm_utils/share/so_arm_utils/environment/path.dsv
[0.870s] -- Up-to-date symlink: /home/remii/Projects/so-arm/install/so_arm_utils/share/so_arm_utils/local_setup.bash
[0.870s] -- Up-to-date symlink: /home/remii/Projects/so-arm/install/so_arm_utils/share/so_arm_utils/local_setup.sh
[0.870s] -- Up-to-date symlink: /home/remii/Projects/so-arm/install/so_arm_utils/share/so_arm_utils/local_setup.zsh
[0.870s] -- Up-to-date symlink: /home/remii/Projects/so-arm/install/so_arm_utils/share/so_arm_utils/local_setup.dsv
[0.871s] -- Symlinking: /home/remii/Projects/so-arm/install/so_arm_utils/share/so_arm_utils/package.dsv
[0.877s] -- Up-to-date symlink: /home/remii/Projects/so-arm/install/so_arm_utils/share/ament_index/resource_index/packages/so_arm_utils
[0.877s] -- Up-to-date symlink: /home/remii/Projects/so-arm/install/so_arm_utils/share/so_arm_utils/cmake/so_arm_utilsConfig.cmake
[0.877s] -- Up-to-date symlink: /home/remii/Projects/so-arm/install/so_arm_utils/share/so_arm_utils/cmake/so_arm_utilsConfig-version.cmake
[0.877s] -- Up-to-date symlink: /home/remii/Projects/so-arm/install/so_arm_utils/share/so_arm_utils/package.xml
[0.906s] Listing '/home/remii/Projects/so-arm/install/so_arm_utils/lib/python3.12/site-packages/so_arm_utils'...
[0.924s] Invoked command in '/home/remii/Projects/so-arm/build/so_arm_utils' returned '0': CMAKE_PREFIX_PATH=${CMAKE_PREFIX_PATH}:/opt/ros/jazzy DEBUGINFOD_URLS=https://debuginfod.ubuntu.com /usr/bin/cmake --install /home/remii/Projects/so-arm/build/so_arm_utils
