[0.007s] Invoking command in '/home/remii/Projects/so-arm/build/feetech_ros2_driver': DEBUGINFOD_URLS=https://debuginfod.ubuntu.com /usr/bin/cmake --build /home/remii/Projects/so-arm/build/feetech_ros2_driver -- -j8 -l8
[0.039s] [ 11%] Built target ament_generate_version_header__feetech_ros2_driver
[0.041s] [ 33%] Built target serial_port
[0.056s] [ 55%] Built target communication_protocol
[0.072s] [ 77%] Built target demo
[0.076s] [100%] Built target feetech_ros2_driver
[0.084s] Invoked command in '/home/remii/Projects/so-arm/build/feetech_ros2_driver' returned '0': DEBUGINFOD_URLS=https://debuginfod.ubuntu.com /usr/bin/cmake --build /home/remii/Projects/so-arm/build/feetech_ros2_driver -- -j8 -l8
[0.090s] Invoking command in '/home/remii/Projects/so-arm/build/feetech_ros2_driver': DEBUGINFOD_URLS=https://debuginfod.ubuntu.com /usr/bin/cmake --install /home/remii/Projects/so-arm/build/feetech_ros2_driver
[0.095s] -- Install configuration: ""
[0.095s] -- Up-to-date: /home/remii/Projects/so-arm/install/feetech_ros2_driver/lib/libserial_port.so.0.1.0
[0.095s] -- Up-to-date: /home/remii/Projects/so-arm/install/feetech_ros2_driver/lib/libserial_port.so.0
[0.095s] -- Up-to-date: /home/remii/Projects/so-arm/install/feetech_ros2_driver/lib/libserial_port.so
[0.095s] -- Up-to-date: /home/remii/Projects/so-arm/install/feetech_ros2_driver/lib/libcommunication_protocol.so.0.1.0
[0.096s] -- Up-to-date: /home/remii/Projects/so-arm/install/feetech_ros2_driver/lib/libcommunication_protocol.so.0
[0.096s] -- Up-to-date: /home/remii/Projects/so-arm/install/feetech_ros2_driver/lib/libcommunication_protocol.so
[0.096s] -- Up-to-date: /home/remii/Projects/so-arm/install/feetech_ros2_driver/bin/demo
[0.096s] -- Up-to-date: /home/remii/Projects/so-arm/install/feetech_ros2_driver/lib/cmake/feetech_driver/feetech_driver-config.cmake
[0.096s] -- Up-to-date: /home/remii/Projects/so-arm/install/feetech_ros2_driver/lib/cmake/feetech_driver/feetech_driver-config-version.cmake
[0.096s] -- Up-to-date: /home/remii/Projects/so-arm/install/feetech_ros2_driver/lib/cmake/feetech_driver/feetech_driver-targets.cmake
[0.096s] -- Up-to-date: /home/remii/Projects/so-arm/install/feetech_ros2_driver/lib/cmake/feetech_driver/feetech_driver-targets-noconfig.cmake
[0.096s] -- Execute custom install script
[0.096s] -- Up-to-date symlink: /home/remii/Projects/so-arm/install/feetech_ros2_driver/share/feetech_ros2_driver//feetech_ros2_control_plugin_description.xml
[0.096s] -- Up-to-date symlink: /home/remii/Projects/so-arm/install/feetech_ros2_driver/include/feetech_ros2_driver/feetech_ros2_driver/feetech_ros2_driver.hpp
[0.097s] -- Up-to-date symlink: /home/remii/Projects/so-arm/install/feetech_ros2_driver/include/feetech_ros2_driver/feetech_ros2_driver/joint_config.hpp
[0.097s] -- Up-to-date symlink: /home/remii/Projects/so-arm/install/feetech_ros2_driver/share/feetech_ros2_driver/environment/library_path.sh
[0.097s] -- Up-to-date symlink: /home/remii/Projects/so-arm/install/feetech_ros2_driver/share/feetech_ros2_driver/environment/library_path.dsv
[0.097s] -- Up-to-date symlink: /home/remii/Projects/so-arm/install/feetech_ros2_driver/include/feetech_ros2_driver/feetech_ros2_driver/version.hpp
[0.097s] -- Up-to-date symlink: /home/remii/Projects/so-arm/install/feetech_ros2_driver/share/ament_index/resource_index/package_run_dependencies/feetech_ros2_driver
[0.097s] -- Up-to-date symlink: /home/remii/Projects/so-arm/install/feetech_ros2_driver/share/ament_index/resource_index/parent_prefix_path/feetech_ros2_driver
[0.097s] -- Up-to-date symlink: /home/remii/Projects/so-arm/install/feetech_ros2_driver/share/feetech_ros2_driver/environment/ament_prefix_path.sh
[0.098s] -- Up-to-date symlink: /home/remii/Projects/so-arm/install/feetech_ros2_driver/share/feetech_ros2_driver/environment/ament_prefix_path.dsv
[0.098s] -- Up-to-date symlink: /home/remii/Projects/so-arm/install/feetech_ros2_driver/share/feetech_ros2_driver/environment/path.sh
[0.098s] -- Up-to-date symlink: /home/remii/Projects/so-arm/install/feetech_ros2_driver/share/feetech_ros2_driver/environment/path.dsv
[0.098s] -- Up-to-date symlink: /home/remii/Projects/so-arm/install/feetech_ros2_driver/share/feetech_ros2_driver/local_setup.bash
[0.098s] -- Up-to-date symlink: /home/remii/Projects/so-arm/install/feetech_ros2_driver/share/feetech_ros2_driver/local_setup.sh
[0.098s] -- Up-to-date symlink: /home/remii/Projects/so-arm/install/feetech_ros2_driver/share/feetech_ros2_driver/local_setup.zsh
[0.098s] -- Up-to-date symlink: /home/remii/Projects/so-arm/install/feetech_ros2_driver/share/feetech_ros2_driver/local_setup.dsv
[0.098s] -- Symlinking: /home/remii/Projects/so-arm/install/feetech_ros2_driver/share/feetech_ros2_driver/package.dsv
[0.104s] -- Up-to-date symlink: /home/remii/Projects/so-arm/install/feetech_ros2_driver/share/ament_index/resource_index/packages/feetech_ros2_driver
[0.104s] -- Up-to-date symlink: /home/remii/Projects/so-arm/install/feetech_ros2_driver/share/ament_index/resource_index/hardware_interface__pluginlib__plugin/feetech_ros2_driver
[0.105s] -- Up-to-date symlink: /home/remii/Projects/so-arm/install/feetech_ros2_driver/share/feetech_ros2_driver/cmake/ament_cmake_export_targets-extras.cmake
[0.105s] -- Up-to-date symlink: /home/remii/Projects/so-arm/install/feetech_ros2_driver/share/feetech_ros2_driver/cmake/ament_cmake_export_dependencies-extras.cmake
[0.105s] -- Up-to-date symlink: /home/remii/Projects/so-arm/install/feetech_ros2_driver/share/feetech_ros2_driver/cmake/feetech_ros2_driverConfig.cmake
[0.105s] -- Up-to-date symlink: /home/remii/Projects/so-arm/install/feetech_ros2_driver/share/feetech_ros2_driver/cmake/feetech_ros2_driverConfig-version.cmake
[0.105s] -- Up-to-date symlink: /home/remii/Projects/so-arm/install/feetech_ros2_driver/share/feetech_ros2_driver/package.xml
[0.105s] -- Up-to-date: /home/remii/Projects/so-arm/install/feetech_ros2_driver/lib/libfeetech_ros2_driver.so
[0.105s] -- Up-to-date: /home/remii/Projects/so-arm/install/feetech_ros2_driver/share/feetech_ros2_driver/cmake/feetech_ros2_driverTargetsExport.cmake
[0.105s] -- Up-to-date: /home/remii/Projects/so-arm/install/feetech_ros2_driver/share/feetech_ros2_driver/cmake/feetech_ros2_driverTargetsExport-noconfig.cmake
[0.107s] Invoked command in '/home/remii/Projects/so-arm/build/feetech_ros2_driver' returned '0': DEBUGINFOD_URLS=https://debuginfod.ubuntu.com /usr/bin/cmake --install /home/remii/Projects/so-arm/build/feetech_ros2_driver
