[0.006s] Invoking command in '/home/remii/Projects/so-arm/build/so_arm_utils': DEBUGINFOD_URLS=https://debuginfod.ubuntu.com /usr/bin/cmake /home/remii/Projects/so-arm/src/ros2_so_arm100/so_arm_utils -DAMENT_CMAKE_SYMLINK_INSTALL=1 -DCMAKE_INSTALL_PREFIX=/home/remii/Projects/so-arm/install/so_arm_utils
[0.210s] -- The C compiler identification is GNU 13.3.0
[0.344s] -- The CXX compiler identification is GNU 13.3.0
[0.362s] -- Detecting C compiler ABI info
[0.456s] -- Detecting C compiler ABI info - done
[0.468s] -- Check for working C compiler: /usr/bin/cc - skipped
[0.468s] -- Detecting C compile features
[0.469s] -- Detecting C compile features - done
[0.479s] -- Detecting CXX compiler ABI info
[0.564s] -- Detecting CXX compiler ABI info - done
[0.572s] -- Check for working CXX compiler: /usr/bin/c++ - skipped
[0.572s] -- Detecting CXX compile features
[0.573s] -- Detecting CXX compile features - done
[0.581s] [31mCMake Error at CMakeLists.txt:4 (find_package):
[0.581s]   By not providing "Findament_cmake.cmake" in CMAKE_MODULE_PATH this project
[0.581s]   has asked CMake to find a package configuration file provided by
[0.581s]   "ament_cmake", but CMake did not find one.
[0.581s] 
[0.581s]   Could not find a package configuration file provided by "ament_cmake" with
[0.581s]   any of the following names:
[0.581s] 
[0.581s]     ament_cmakeConfig.cmake
[0.581s]     ament_cmake-config.cmake
[0.581s] 
[0.581s]   Add the installation prefix of "ament_cmake" to CMAKE_PREFIX_PATH or set
[0.582s]   "ament_cmake_DIR" to a directory containing one of the above files.  If
[0.582s]   "ament_cmake" provides a separate development package or SDK, be sure it
[0.582s]   has been installed.
[0.582s] 
[0.582s] [0m
[0.582s] -- Configuring incomplete, errors occurred!
[0.584s] Invoked command in '/home/remii/Projects/so-arm/build/so_arm_utils' returned '1': DEBUGINFOD_URLS=https://debuginfod.ubuntu.com /usr/bin/cmake /home/remii/Projects/so-arm/src/ros2_so_arm100/so_arm_utils -DAMENT_CMAKE_SYMLINK_INSTALL=1 -DCMAKE_INSTALL_PREFIX=/home/remii/Projects/so-arm/install/so_arm_utils
