-- The C compiler identification is GNU 13.3.0
-- The CXX compiler identification is GNU 13.3.0
-- Detecting C compiler ABI info
-- Detecting C compiler ABI info - done
-- Check for working C compiler: /usr/bin/cc - skipped
-- Detecting C compile features
-- Detecting C compile features - done
-- Detecting CXX compiler ABI info
-- Detecting CXX compiler ABI info - done
-- Check for working CXX compiler: /usr/bin/c++ - skipped
-- Detecting CXX compile features
-- Detecting CXX compile features - done
-- Found ament_cmake: 2.5.6 (/opt/ros/jazzy/share/ament_cmake/cmake)
-- Found Python3: /usr/bin/python3 (found version "3.12.3") found components: Interpreter 
-- Override CMake install command with custom implementation using symlinks instead of copying resources
-- Configuring done (0.5s)
-- Generating done (0.0s)
-- Build files have been written to: /home/remii/Projects/so-arm/build/so_arm_gz
-- Install configuration: ""
-- Execute custom install script
-- Symlinking: /home/remii/Projects/so-arm/install/so_arm_gz/share/so_arm_gz/launch/so_arm_gz_bringup.launch.py
-- Symlinking: /home/remii/Projects/so-arm/install/so_arm_gz/share/ament_index/resource_index/package_run_dependencies/so_arm_gz
-- Symlinking: /home/remii/Projects/so-arm/install/so_arm_gz/share/ament_index/resource_index/parent_prefix_path/so_arm_gz
-- Symlinking: /home/remii/Projects/so-arm/install/so_arm_gz/share/so_arm_gz/environment/ament_prefix_path.sh
-- Symlinking: /home/remii/Projects/so-arm/install/so_arm_gz/share/so_arm_gz/environment/ament_prefix_path.dsv
-- Symlinking: /home/remii/Projects/so-arm/install/so_arm_gz/share/so_arm_gz/environment/path.sh
-- Symlinking: /home/remii/Projects/so-arm/install/so_arm_gz/share/so_arm_gz/environment/path.dsv
-- Symlinking: /home/remii/Projects/so-arm/install/so_arm_gz/share/so_arm_gz/local_setup.bash
-- Symlinking: /home/remii/Projects/so-arm/install/so_arm_gz/share/so_arm_gz/local_setup.sh
-- Symlinking: /home/remii/Projects/so-arm/install/so_arm_gz/share/so_arm_gz/local_setup.zsh
-- Symlinking: /home/remii/Projects/so-arm/install/so_arm_gz/share/so_arm_gz/local_setup.dsv
-- Symlinking: /home/remii/Projects/so-arm/install/so_arm_gz/share/so_arm_gz/package.dsv
-- Symlinking: /home/remii/Projects/so-arm/install/so_arm_gz/share/ament_index/resource_index/packages/so_arm_gz
-- Symlinking: /home/remii/Projects/so-arm/install/so_arm_gz/share/so_arm_gz/cmake/so_arm_gzConfig.cmake
-- Symlinking: /home/remii/Projects/so-arm/install/so_arm_gz/share/so_arm_gz/cmake/so_arm_gzConfig-version.cmake
-- Symlinking: /home/remii/Projects/so-arm/install/so_arm_gz/share/so_arm_gz/package.xml
