[0.008s] Invoking command in '/home/remii/Projects/so-arm/build/so_arm_gz': AMENT_PREFIX_PATH=/home/remii/Projects/so-arm/install/so_arm101_description:/home/remii/Projects/so-arm/install/so_arm100_description:/home/remii/Projects/so-arm/install/so_arm_utils:/home/remii/Projects/so-arm/install/feetech_ros2_driver:${AMENT_PREFIX_PATH} CMAKE_PREFIX_PATH=/home/remii/Projects/so-arm/install/so_arm101_description:/home/remii/Projects/so-arm/install/so_arm100_description:/home/remii/Projects/so-arm/install/so_arm_utils:/home/remii/Projects/so-arm/install/feetech_ros2_driver:/opt/ros/jazzy/opt/gz_math_vendor:/opt/ros/jazzy/opt/gz_utils_vendor:/opt/ros/jazzy/opt/gz_cmake_vendor:/opt/ros/jazzy DEBUGINFOD_URLS=https://debuginfod.ubuntu.com LD_LIBRARY_PATH=/home/remii/Projects/so-arm/install/feetech_ros2_driver/lib:${LD_LIBRARY_PATH} PATH=/home/remii/Projects/so-arm/install/feetech_ros2_driver/bin:${PATH} PYTHONPATH=/home/remii/Projects/so-arm/install/so_arm_utils/lib/python3.12/site-packages:${PYTHONPATH} /usr/bin/cmake /home/remii/Projects/so-arm/src/ros2_so_arm100/so_arm_gz -DAMENT_CMAKE_SYMLINK_INSTALL=1 -DCMAKE_INSTALL_PREFIX=/home/remii/Projects/so-arm/install/so_arm_gz
[0.044s] -- The C compiler identification is GNU 13.3.0
[0.085s] -- The CXX compiler identification is GNU 13.3.0
[0.094s] -- Detecting C compiler ABI info
[0.149s] -- Detecting C compiler ABI info - done
[0.157s] -- Check for working C compiler: /usr/bin/cc - skipped
[0.157s] -- Detecting C compile features
[0.158s] -- Detecting C compile features - done
[0.163s] -- Detecting CXX compiler ABI info
[0.228s] -- Detecting CXX compiler ABI info - done
[0.236s] -- Check for working CXX compiler: /usr/bin/c++ - skipped
[0.237s] -- Detecting CXX compile features
[0.237s] -- Detecting CXX compile features - done
[0.239s] -- Found ament_cmake: 2.5.6 (/opt/ros/jazzy/share/ament_cmake/cmake)
[0.349s] -- Found Python3: /usr/bin/python3 (found version "3.12.3") found components: Interpreter 
[0.408s] -- Override CMake install command with custom implementation using symlinks instead of copying resources
[0.500s] -- Configuring done (0.5s)
[0.502s] -- Generating done (0.0s)
[0.503s] -- Build files have been written to: /home/remii/Projects/so-arm/build/so_arm_gz
[0.508s] Invoked command in '/home/remii/Projects/so-arm/build/so_arm_gz' returned '0': AMENT_PREFIX_PATH=/home/remii/Projects/so-arm/install/so_arm101_description:/home/remii/Projects/so-arm/install/so_arm100_description:/home/remii/Projects/so-arm/install/so_arm_utils:/home/remii/Projects/so-arm/install/feetech_ros2_driver:${AMENT_PREFIX_PATH} CMAKE_PREFIX_PATH=/home/remii/Projects/so-arm/install/so_arm101_description:/home/remii/Projects/so-arm/install/so_arm100_description:/home/remii/Projects/so-arm/install/so_arm_utils:/home/remii/Projects/so-arm/install/feetech_ros2_driver:/opt/ros/jazzy/opt/gz_math_vendor:/opt/ros/jazzy/opt/gz_utils_vendor:/opt/ros/jazzy/opt/gz_cmake_vendor:/opt/ros/jazzy DEBUGINFOD_URLS=https://debuginfod.ubuntu.com LD_LIBRARY_PATH=/home/remii/Projects/so-arm/install/feetech_ros2_driver/lib:${LD_LIBRARY_PATH} PATH=/home/remii/Projects/so-arm/install/feetech_ros2_driver/bin:${PATH} PYTHONPATH=/home/remii/Projects/so-arm/install/so_arm_utils/lib/python3.12/site-packages:${PYTHONPATH} /usr/bin/cmake /home/remii/Projects/so-arm/src/ros2_so_arm100/so_arm_gz -DAMENT_CMAKE_SYMLINK_INSTALL=1 -DCMAKE_INSTALL_PREFIX=/home/remii/Projects/so-arm/install/so_arm_gz
[0.509s] Invoking command in '/home/remii/Projects/so-arm/build/so_arm_gz': AMENT_PREFIX_PATH=/home/remii/Projects/so-arm/install/so_arm101_description:/home/remii/Projects/so-arm/install/so_arm100_description:/home/remii/Projects/so-arm/install/so_arm_utils:/home/remii/Projects/so-arm/install/feetech_ros2_driver:${AMENT_PREFIX_PATH} CMAKE_PREFIX_PATH=/home/remii/Projects/so-arm/install/so_arm101_description:/home/remii/Projects/so-arm/install/so_arm100_description:/home/remii/Projects/so-arm/install/so_arm_utils:/home/remii/Projects/so-arm/install/feetech_ros2_driver:/opt/ros/jazzy/opt/gz_math_vendor:/opt/ros/jazzy/opt/gz_utils_vendor:/opt/ros/jazzy/opt/gz_cmake_vendor:/opt/ros/jazzy DEBUGINFOD_URLS=https://debuginfod.ubuntu.com LD_LIBRARY_PATH=/home/remii/Projects/so-arm/install/feetech_ros2_driver/lib:${LD_LIBRARY_PATH} PATH=/home/remii/Projects/so-arm/install/feetech_ros2_driver/bin:${PATH} PYTHONPATH=/home/remii/Projects/so-arm/install/so_arm_utils/lib/python3.12/site-packages:${PYTHONPATH} /usr/bin/cmake --build /home/remii/Projects/so-arm/build/so_arm_gz -- -j8 -l8
[0.533s] Invoked command in '/home/remii/Projects/so-arm/build/so_arm_gz' returned '0': AMENT_PREFIX_PATH=/home/remii/Projects/so-arm/install/so_arm101_description:/home/remii/Projects/so-arm/install/so_arm100_description:/home/remii/Projects/so-arm/install/so_arm_utils:/home/remii/Projects/so-arm/install/feetech_ros2_driver:${AMENT_PREFIX_PATH} CMAKE_PREFIX_PATH=/home/remii/Projects/so-arm/install/so_arm101_description:/home/remii/Projects/so-arm/install/so_arm100_description:/home/remii/Projects/so-arm/install/so_arm_utils:/home/remii/Projects/so-arm/install/feetech_ros2_driver:/opt/ros/jazzy/opt/gz_math_vendor:/opt/ros/jazzy/opt/gz_utils_vendor:/opt/ros/jazzy/opt/gz_cmake_vendor:/opt/ros/jazzy DEBUGINFOD_URLS=https://debuginfod.ubuntu.com LD_LIBRARY_PATH=/home/remii/Projects/so-arm/install/feetech_ros2_driver/lib:${LD_LIBRARY_PATH} PATH=/home/remii/Projects/so-arm/install/feetech_ros2_driver/bin:${PATH} PYTHONPATH=/home/remii/Projects/so-arm/install/so_arm_utils/lib/python3.12/site-packages:${PYTHONPATH} /usr/bin/cmake --build /home/remii/Projects/so-arm/build/so_arm_gz -- -j8 -l8
[0.534s] Invoking command in '/home/remii/Projects/so-arm/build/so_arm_gz': AMENT_PREFIX_PATH=/home/remii/Projects/so-arm/install/so_arm101_description:/home/remii/Projects/so-arm/install/so_arm100_description:/home/remii/Projects/so-arm/install/so_arm_utils:/home/remii/Projects/so-arm/install/feetech_ros2_driver:${AMENT_PREFIX_PATH} CMAKE_PREFIX_PATH=/home/remii/Projects/so-arm/install/so_arm101_description:/home/remii/Projects/so-arm/install/so_arm100_description:/home/remii/Projects/so-arm/install/so_arm_utils:/home/remii/Projects/so-arm/install/feetech_ros2_driver:/opt/ros/jazzy/opt/gz_math_vendor:/opt/ros/jazzy/opt/gz_utils_vendor:/opt/ros/jazzy/opt/gz_cmake_vendor:/opt/ros/jazzy DEBUGINFOD_URLS=https://debuginfod.ubuntu.com LD_LIBRARY_PATH=/home/remii/Projects/so-arm/install/feetech_ros2_driver/lib:${LD_LIBRARY_PATH} PATH=/home/remii/Projects/so-arm/install/feetech_ros2_driver/bin:${PATH} PYTHONPATH=/home/remii/Projects/so-arm/install/so_arm_utils/lib/python3.12/site-packages:${PYTHONPATH} /usr/bin/cmake --install /home/remii/Projects/so-arm/build/so_arm_gz
[0.539s] -- Install configuration: ""
[0.540s] -- Execute custom install script
[0.540s] -- Symlinking: /home/remii/Projects/so-arm/install/so_arm_gz/share/so_arm_gz/launch/so_arm_gz_bringup.launch.py
[0.546s] -- Symlinking: /home/remii/Projects/so-arm/install/so_arm_gz/share/ament_index/resource_index/package_run_dependencies/so_arm_gz
[0.552s] -- Symlinking: /home/remii/Projects/so-arm/install/so_arm_gz/share/ament_index/resource_index/parent_prefix_path/so_arm_gz
[0.558s] -- Symlinking: /home/remii/Projects/so-arm/install/so_arm_gz/share/so_arm_gz/environment/ament_prefix_path.sh
[0.564s] -- Symlinking: /home/remii/Projects/so-arm/install/so_arm_gz/share/so_arm_gz/environment/ament_prefix_path.dsv
[0.570s] -- Symlinking: /home/remii/Projects/so-arm/install/so_arm_gz/share/so_arm_gz/environment/path.sh
[0.575s] -- Symlinking: /home/remii/Projects/so-arm/install/so_arm_gz/share/so_arm_gz/environment/path.dsv
[0.581s] -- Symlinking: /home/remii/Projects/so-arm/install/so_arm_gz/share/so_arm_gz/local_setup.bash
[0.588s] -- Symlinking: /home/remii/Projects/so-arm/install/so_arm_gz/share/so_arm_gz/local_setup.sh
[0.594s] -- Symlinking: /home/remii/Projects/so-arm/install/so_arm_gz/share/so_arm_gz/local_setup.zsh
[0.599s] -- Symlinking: /home/remii/Projects/so-arm/install/so_arm_gz/share/so_arm_gz/local_setup.dsv
[0.605s] -- Symlinking: /home/remii/Projects/so-arm/install/so_arm_gz/share/so_arm_gz/package.dsv
[0.611s] -- Symlinking: /home/remii/Projects/so-arm/install/so_arm_gz/share/ament_index/resource_index/packages/so_arm_gz
[0.617s] -- Symlinking: /home/remii/Projects/so-arm/install/so_arm_gz/share/so_arm_gz/cmake/so_arm_gzConfig.cmake
[0.623s] -- Symlinking: /home/remii/Projects/so-arm/install/so_arm_gz/share/so_arm_gz/cmake/so_arm_gzConfig-version.cmake
[0.629s] -- Symlinking: /home/remii/Projects/so-arm/install/so_arm_gz/share/so_arm_gz/package.xml
[0.636s] Invoked command in '/home/remii/Projects/so-arm/build/so_arm_gz' returned '0': AMENT_PREFIX_PATH=/home/remii/Projects/so-arm/install/so_arm101_description:/home/remii/Projects/so-arm/install/so_arm100_description:/home/remii/Projects/so-arm/install/so_arm_utils:/home/remii/Projects/so-arm/install/feetech_ros2_driver:${AMENT_PREFIX_PATH} CMAKE_PREFIX_PATH=/home/remii/Projects/so-arm/install/so_arm101_description:/home/remii/Projects/so-arm/install/so_arm100_description:/home/remii/Projects/so-arm/install/so_arm_utils:/home/remii/Projects/so-arm/install/feetech_ros2_driver:/opt/ros/jazzy/opt/gz_math_vendor:/opt/ros/jazzy/opt/gz_utils_vendor:/opt/ros/jazzy/opt/gz_cmake_vendor:/opt/ros/jazzy DEBUGINFOD_URLS=https://debuginfod.ubuntu.com LD_LIBRARY_PATH=/home/remii/Projects/so-arm/install/feetech_ros2_driver/lib:${LD_LIBRARY_PATH} PATH=/home/remii/Projects/so-arm/install/feetech_ros2_driver/bin:${PATH} PYTHONPATH=/home/remii/Projects/so-arm/install/so_arm_utils/lib/python3.12/site-packages:${PYTHONPATH} /usr/bin/cmake --install /home/remii/Projects/so-arm/build/so_arm_gz
