-- Install configuration: ""
-- Execute custom install script
-- Up-to-date symlink: /home/remii/Projects/so-arm/install/so_arm101_moveit_config/share/so_arm101_moveit_config/launch/demo.launch.py
-- Up-to-date symlink: /home/remii/Projects/so-arm/install/so_arm101_moveit_config/share/so_arm101_moveit_config/launch/move_group.launch.py
-- Up-to-date symlink: /home/remii/Projects/so-arm/install/so_arm101_moveit_config/share/so_arm101_moveit_config/launch/moveit_rviz.launch.py
-- Up-to-date symlink: /home/remii/Projects/so-arm/install/so_arm101_moveit_config/share/so_arm101_moveit_config/rviz/move_group.rviz
-- Up-to-date symlink: /home/remii/Projects/so-arm/install/so_arm101_moveit_config/share/so_arm101_moveit_config/launch/demo.launch.py
-- Up-to-date symlink: /home/remii/Projects/so-arm/install/so_arm101_moveit_config/share/so_arm101_moveit_config/launch/move_group.launch.py
-- Up-to-date symlink: /home/remii/Projects/so-arm/install/so_arm101_moveit_config/share/so_arm101_moveit_config/launch/moveit_rviz.launch.py
-- Up-to-date symlink: /home/remii/Projects/so-arm/install/so_arm101_moveit_config/share/so_arm101_moveit_config/config/joint_limits.yaml
-- Up-to-date symlink: /home/remii/Projects/so-arm/install/so_arm101_moveit_config/share/so_arm101_moveit_config/config/kinematics.yaml
-- Up-to-date symlink: /home/remii/Projects/so-arm/install/so_arm101_moveit_config/share/so_arm101_moveit_config/config/moveit_cpp.yaml
-- Up-to-date symlink: /home/remii/Projects/so-arm/install/so_arm101_moveit_config/share/so_arm101_moveit_config/config/ompl_planning.yaml
-- Up-to-date symlink: /home/remii/Projects/so-arm/install/so_arm101_moveit_config/share/so_arm101_moveit_config/config/so_arm101.srdf
-- Up-to-date symlink: /home/remii/Projects/so-arm/install/so_arm101_moveit_config/share/so_arm101_moveit_config/config/trajectory_execution.yaml
-- Up-to-date symlink: /home/remii/Projects/so-arm/install/so_arm101_moveit_config/share/so_arm101_moveit_config/.setup_assistant
-- Up-to-date symlink: /home/remii/Projects/so-arm/install/so_arm101_moveit_config/share/ament_index/resource_index/package_run_dependencies/so_arm101_moveit_config
-- Up-to-date symlink: /home/remii/Projects/so-arm/install/so_arm101_moveit_config/share/ament_index/resource_index/parent_prefix_path/so_arm101_moveit_config
-- Up-to-date symlink: /home/remii/Projects/so-arm/install/so_arm101_moveit_config/share/so_arm101_moveit_config/environment/ament_prefix_path.sh
-- Up-to-date symlink: /home/remii/Projects/so-arm/install/so_arm101_moveit_config/share/so_arm101_moveit_config/environment/ament_prefix_path.dsv
-- Up-to-date symlink: /home/remii/Projects/so-arm/install/so_arm101_moveit_config/share/so_arm101_moveit_config/environment/path.sh
-- Up-to-date symlink: /home/remii/Projects/so-arm/install/so_arm101_moveit_config/share/so_arm101_moveit_config/environment/path.dsv
-- Up-to-date symlink: /home/remii/Projects/so-arm/install/so_arm101_moveit_config/share/so_arm101_moveit_config/local_setup.bash
-- Up-to-date symlink: /home/remii/Projects/so-arm/install/so_arm101_moveit_config/share/so_arm101_moveit_config/local_setup.sh
-- Up-to-date symlink: /home/remii/Projects/so-arm/install/so_arm101_moveit_config/share/so_arm101_moveit_config/local_setup.zsh
-- Up-to-date symlink: /home/remii/Projects/so-arm/install/so_arm101_moveit_config/share/so_arm101_moveit_config/local_setup.dsv
-- Symlinking: /home/remii/Projects/so-arm/install/so_arm101_moveit_config/share/so_arm101_moveit_config/package.dsv
-- Up-to-date symlink: /home/remii/Projects/so-arm/install/so_arm101_moveit_config/share/ament_index/resource_index/packages/so_arm101_moveit_config
-- Up-to-date symlink: /home/remii/Projects/so-arm/install/so_arm101_moveit_config/share/so_arm101_moveit_config/cmake/so_arm101_moveit_configConfig.cmake
-- Up-to-date symlink: /home/remii/Projects/so-arm/install/so_arm101_moveit_config/share/so_arm101_moveit_config/cmake/so_arm101_moveit_configConfig-version.cmake
-- Up-to-date symlink: /home/remii/Projects/so-arm/install/so_arm101_moveit_config/share/so_arm101_moveit_config/package.xml
