[0.009s] Invoking command in '/home/remii/Projects/so-arm/build/so_arm100_moveit_config': CMAKE_PREFIX_PATH=/home/remii/Projects/so-arm/install/so_arm100_description:/home/remii/Projects/so-arm/install/so_arm_utils:/home/remii/Projects/so-arm/install/feetech_ros2_driver:/home/remii/Projects/so-arm/install/so_arm_gz:/home/remii/Projects/so-arm/install/so_arm101_description:/home/remii/Projects/so-arm/install/so_arm100_moveit_config:/opt/ros/jazzy/opt/sdformat_vendor:/opt/ros/jazzy/opt/gz_tools_vendor:/opt/ros/jazzy/opt/gz_math_vendor:/opt/ros/jazzy/opt/gz_utils_vendor:/opt/ros/jazzy/opt/gz_cmake_vendor:/opt/ros/jazzy DEBUGINFOD_URLS=https://debuginfod.ubuntu.com /usr/bin/cmake /home/remii/Projects/so-arm/src/ros2_so_arm100/so_arm100_moveit_config -DCMAKE_INSTALL_PREFIX=/home/remii/Projects/so-arm/install/so_arm100_moveit_config
[0.019s] -- Found ament_cmake: 2.5.6 (/opt/ros/jazzy/share/ament_cmake/cmake)
[0.187s] -- Override CMake install command with custom implementation using symlinks instead of copying resources
[0.265s] -- Configuring done (0.2s)
[0.267s] -- Generating done (0.0s)
[0.268s] -- Build files have been written to: /home/remii/Projects/so-arm/build/so_arm100_moveit_config
[0.271s] Invoked command in '/home/remii/Projects/so-arm/build/so_arm100_moveit_config' returned '0': CMAKE_PREFIX_PATH=/home/remii/Projects/so-arm/install/so_arm100_description:/home/remii/Projects/so-arm/install/so_arm_utils:/home/remii/Projects/so-arm/install/feetech_ros2_driver:/home/remii/Projects/so-arm/install/so_arm_gz:/home/remii/Projects/so-arm/install/so_arm101_description:/home/remii/Projects/so-arm/install/so_arm100_moveit_config:/opt/ros/jazzy/opt/sdformat_vendor:/opt/ros/jazzy/opt/gz_tools_vendor:/opt/ros/jazzy/opt/gz_math_vendor:/opt/ros/jazzy/opt/gz_utils_vendor:/opt/ros/jazzy/opt/gz_cmake_vendor:/opt/ros/jazzy DEBUGINFOD_URLS=https://debuginfod.ubuntu.com /usr/bin/cmake /home/remii/Projects/so-arm/src/ros2_so_arm100/so_arm100_moveit_config -DCMAKE_INSTALL_PREFIX=/home/remii/Projects/so-arm/install/so_arm100_moveit_config
[0.271s] Invoking command in '/home/remii/Projects/so-arm/build/so_arm100_moveit_config': CMAKE_PREFIX_PATH=/home/remii/Projects/so-arm/install/so_arm100_description:/home/remii/Projects/so-arm/install/so_arm_utils:/home/remii/Projects/so-arm/install/feetech_ros2_driver:/home/remii/Projects/so-arm/install/so_arm_gz:/home/remii/Projects/so-arm/install/so_arm101_description:/home/remii/Projects/so-arm/install/so_arm100_moveit_config:/opt/ros/jazzy/opt/sdformat_vendor:/opt/ros/jazzy/opt/gz_tools_vendor:/opt/ros/jazzy/opt/gz_math_vendor:/opt/ros/jazzy/opt/gz_utils_vendor:/opt/ros/jazzy/opt/gz_cmake_vendor:/opt/ros/jazzy DEBUGINFOD_URLS=https://debuginfod.ubuntu.com /usr/bin/cmake --build /home/remii/Projects/so-arm/build/so_arm100_moveit_config -- -j8 -l8
[0.296s] Invoked command in '/home/remii/Projects/so-arm/build/so_arm100_moveit_config' returned '0': CMAKE_PREFIX_PATH=/home/remii/Projects/so-arm/install/so_arm100_description:/home/remii/Projects/so-arm/install/so_arm_utils:/home/remii/Projects/so-arm/install/feetech_ros2_driver:/home/remii/Projects/so-arm/install/so_arm_gz:/home/remii/Projects/so-arm/install/so_arm101_description:/home/remii/Projects/so-arm/install/so_arm100_moveit_config:/opt/ros/jazzy/opt/sdformat_vendor:/opt/ros/jazzy/opt/gz_tools_vendor:/opt/ros/jazzy/opt/gz_math_vendor:/opt/ros/jazzy/opt/gz_utils_vendor:/opt/ros/jazzy/opt/gz_cmake_vendor:/opt/ros/jazzy DEBUGINFOD_URLS=https://debuginfod.ubuntu.com /usr/bin/cmake --build /home/remii/Projects/so-arm/build/so_arm100_moveit_config -- -j8 -l8
[0.297s] Invoking command in '/home/remii/Projects/so-arm/build/so_arm100_moveit_config': CMAKE_PREFIX_PATH=/home/remii/Projects/so-arm/install/so_arm100_description:/home/remii/Projects/so-arm/install/so_arm_utils:/home/remii/Projects/so-arm/install/feetech_ros2_driver:/home/remii/Projects/so-arm/install/so_arm_gz:/home/remii/Projects/so-arm/install/so_arm101_description:/home/remii/Projects/so-arm/install/so_arm100_moveit_config:/opt/ros/jazzy/opt/sdformat_vendor:/opt/ros/jazzy/opt/gz_tools_vendor:/opt/ros/jazzy/opt/gz_math_vendor:/opt/ros/jazzy/opt/gz_utils_vendor:/opt/ros/jazzy/opt/gz_cmake_vendor:/opt/ros/jazzy DEBUGINFOD_URLS=https://debuginfod.ubuntu.com /usr/bin/cmake --install /home/remii/Projects/so-arm/build/so_arm100_moveit_config
[0.302s] -- Install configuration: ""
[0.302s] -- Execute custom install script
[0.302s] -- Up-to-date symlink: /home/remii/Projects/so-arm/install/so_arm100_moveit_config/share/so_arm100_moveit_config/launch/demo.launch.py
[0.303s] -- Up-to-date symlink: /home/remii/Projects/so-arm/install/so_arm100_moveit_config/share/so_arm100_moveit_config/launch/move_group.launch.py
[0.303s] -- Up-to-date symlink: /home/remii/Projects/so-arm/install/so_arm100_moveit_config/share/so_arm100_moveit_config/launch/moveit_rviz.launch.py
[0.303s] -- Up-to-date symlink: /home/remii/Projects/so-arm/install/so_arm100_moveit_config/share/so_arm100_moveit_config/rviz/move_group.rviz
[0.303s] -- Up-to-date symlink: /home/remii/Projects/so-arm/install/so_arm100_moveit_config/share/so_arm100_moveit_config/launch/demo.launch.py
[0.303s] -- Up-to-date symlink: /home/remii/Projects/so-arm/install/so_arm100_moveit_config/share/so_arm100_moveit_config/launch/move_group.launch.py
[0.303s] -- Up-to-date symlink: /home/remii/Projects/so-arm/install/so_arm100_moveit_config/share/so_arm100_moveit_config/launch/moveit_rviz.launch.py
[0.303s] -- Up-to-date symlink: /home/remii/Projects/so-arm/install/so_arm100_moveit_config/share/so_arm100_moveit_config/config/joint_limits.yaml
[0.303s] -- Up-to-date symlink: /home/remii/Projects/so-arm/install/so_arm100_moveit_config/share/so_arm100_moveit_config/config/kinematics.yaml
[0.304s] -- Up-to-date symlink: /home/remii/Projects/so-arm/install/so_arm100_moveit_config/share/so_arm100_moveit_config/config/moveit_cpp.yaml
[0.304s] -- Up-to-date symlink: /home/remii/Projects/so-arm/install/so_arm100_moveit_config/share/so_arm100_moveit_config/config/ompl_planning.yaml
[0.304s] -- Up-to-date symlink: /home/remii/Projects/so-arm/install/so_arm100_moveit_config/share/so_arm100_moveit_config/config/so_arm100.srdf
[0.304s] -- Up-to-date symlink: /home/remii/Projects/so-arm/install/so_arm100_moveit_config/share/so_arm100_moveit_config/config/trajectory_execution.yaml
[0.304s] -- Up-to-date symlink: /home/remii/Projects/so-arm/install/so_arm100_moveit_config/share/so_arm100_moveit_config/.setup_assistant
[0.304s] -- Up-to-date symlink: /home/remii/Projects/so-arm/install/so_arm100_moveit_config/share/ament_index/resource_index/package_run_dependencies/so_arm100_moveit_config
[0.304s] -- Up-to-date symlink: /home/remii/Projects/so-arm/install/so_arm100_moveit_config/share/ament_index/resource_index/parent_prefix_path/so_arm100_moveit_config
[0.304s] -- Up-to-date symlink: /home/remii/Projects/so-arm/install/so_arm100_moveit_config/share/so_arm100_moveit_config/environment/ament_prefix_path.sh
[0.304s] -- Up-to-date symlink: /home/remii/Projects/so-arm/install/so_arm100_moveit_config/share/so_arm100_moveit_config/environment/ament_prefix_path.dsv
[0.304s] -- Up-to-date symlink: /home/remii/Projects/so-arm/install/so_arm100_moveit_config/share/so_arm100_moveit_config/environment/path.sh
[0.305s] -- Up-to-date symlink: /home/remii/Projects/so-arm/install/so_arm100_moveit_config/share/so_arm100_moveit_config/environment/path.dsv
[0.305s] -- Up-to-date symlink: /home/remii/Projects/so-arm/install/so_arm100_moveit_config/share/so_arm100_moveit_config/local_setup.bash
[0.305s] -- Up-to-date symlink: /home/remii/Projects/so-arm/install/so_arm100_moveit_config/share/so_arm100_moveit_config/local_setup.sh
[0.305s] -- Up-to-date symlink: /home/remii/Projects/so-arm/install/so_arm100_moveit_config/share/so_arm100_moveit_config/local_setup.zsh
[0.305s] -- Up-to-date symlink: /home/remii/Projects/so-arm/install/so_arm100_moveit_config/share/so_arm100_moveit_config/local_setup.dsv
[0.305s] -- Symlinking: /home/remii/Projects/so-arm/install/so_arm100_moveit_config/share/so_arm100_moveit_config/package.dsv
[0.311s] -- Up-to-date symlink: /home/remii/Projects/so-arm/install/so_arm100_moveit_config/share/ament_index/resource_index/packages/so_arm100_moveit_config
[0.311s] -- Up-to-date symlink: /home/remii/Projects/so-arm/install/so_arm100_moveit_config/share/so_arm100_moveit_config/cmake/so_arm100_moveit_configConfig.cmake
[0.311s] -- Up-to-date symlink: /home/remii/Projects/so-arm/install/so_arm100_moveit_config/share/so_arm100_moveit_config/cmake/so_arm100_moveit_configConfig-version.cmake
[0.312s] -- Up-to-date symlink: /home/remii/Projects/so-arm/install/so_arm100_moveit_config/share/so_arm100_moveit_config/package.xml
[0.320s] Invoked command in '/home/remii/Projects/so-arm/build/so_arm100_moveit_config' returned '0': CMAKE_PREFIX_PATH=/home/remii/Projects/so-arm/install/so_arm100_description:/home/remii/Projects/so-arm/install/so_arm_utils:/home/remii/Projects/so-arm/install/feetech_ros2_driver:/home/remii/Projects/so-arm/install/so_arm_gz:/home/remii/Projects/so-arm/install/so_arm101_description:/home/remii/Projects/so-arm/install/so_arm100_moveit_config:/opt/ros/jazzy/opt/sdformat_vendor:/opt/ros/jazzy/opt/gz_tools_vendor:/opt/ros/jazzy/opt/gz_math_vendor:/opt/ros/jazzy/opt/gz_utils_vendor:/opt/ros/jazzy/opt/gz_cmake_vendor:/opt/ros/jazzy DEBUGINFOD_URLS=https://debuginfod.ubuntu.com /usr/bin/cmake --install /home/remii/Projects/so-arm/build/so_arm100_moveit_config
