[0.008s] Invoking command in '/home/remii/Projects/so-arm/build/so_arm100_description': CMAKE_PREFIX_PATH=/home/remii/Projects/so-arm/install/so_arm_utils:/home/remii/Projects/so-arm/install/feetech_ros2_driver:/home/remii/Projects/so-arm/install/so_arm_gz:/home/remii/Projects/so-arm/install/so_arm101_description:/home/remii/Projects/so-arm/install/so_arm100_moveit_config:/home/remii/Projects/so-arm/install/so_arm100_description:/opt/ros/jazzy/opt/sdformat_vendor:/opt/ros/jazzy/opt/gz_tools_vendor:/opt/ros/jazzy/opt/gz_math_vendor:/opt/ros/jazzy/opt/gz_utils_vendor:/opt/ros/jazzy/opt/gz_cmake_vendor:/opt/ros/jazzy DEBUGINFOD_URLS=https://debuginfod.ubuntu.com /usr/bin/cmake /home/remii/Projects/so-arm/src/ros2_so_arm100/so_arm100_description -DCMAKE_INSTALL_PREFIX=/home/remii/Projects/so-arm/install/so_arm100_description
[0.018s] -- Found ament_cmake: 2.5.6 (/opt/ros/jazzy/share/ament_cmake/cmake)
[0.192s] -- Override CMake install command with custom implementation using symlinks instead of copying resources
[0.277s] -- Configuring done (0.3s)
[0.279s] -- Generating done (0.0s)
[0.280s] -- Build files have been written to: /home/remii/Projects/so-arm/build/so_arm100_description
[0.283s] Invoked command in '/home/remii/Projects/so-arm/build/so_arm100_description' returned '0': CMAKE_PREFIX_PATH=/home/remii/Projects/so-arm/install/so_arm_utils:/home/remii/Projects/so-arm/install/feetech_ros2_driver:/home/remii/Projects/so-arm/install/so_arm_gz:/home/remii/Projects/so-arm/install/so_arm101_description:/home/remii/Projects/so-arm/install/so_arm100_moveit_config:/home/remii/Projects/so-arm/install/so_arm100_description:/opt/ros/jazzy/opt/sdformat_vendor:/opt/ros/jazzy/opt/gz_tools_vendor:/opt/ros/jazzy/opt/gz_math_vendor:/opt/ros/jazzy/opt/gz_utils_vendor:/opt/ros/jazzy/opt/gz_cmake_vendor:/opt/ros/jazzy DEBUGINFOD_URLS=https://debuginfod.ubuntu.com /usr/bin/cmake /home/remii/Projects/so-arm/src/ros2_so_arm100/so_arm100_description -DCMAKE_INSTALL_PREFIX=/home/remii/Projects/so-arm/install/so_arm100_description
[0.284s] Invoking command in '/home/remii/Projects/so-arm/build/so_arm100_description': CMAKE_PREFIX_PATH=/home/remii/Projects/so-arm/install/so_arm_utils:/home/remii/Projects/so-arm/install/feetech_ros2_driver:/home/remii/Projects/so-arm/install/so_arm_gz:/home/remii/Projects/so-arm/install/so_arm101_description:/home/remii/Projects/so-arm/install/so_arm100_moveit_config:/home/remii/Projects/so-arm/install/so_arm100_description:/opt/ros/jazzy/opt/sdformat_vendor:/opt/ros/jazzy/opt/gz_tools_vendor:/opt/ros/jazzy/opt/gz_math_vendor:/opt/ros/jazzy/opt/gz_utils_vendor:/opt/ros/jazzy/opt/gz_cmake_vendor:/opt/ros/jazzy DEBUGINFOD_URLS=https://debuginfod.ubuntu.com /usr/bin/cmake --build /home/remii/Projects/so-arm/build/so_arm100_description -- -j8 -l8
[0.309s] Invoked command in '/home/remii/Projects/so-arm/build/so_arm100_description' returned '0': CMAKE_PREFIX_PATH=/home/remii/Projects/so-arm/install/so_arm_utils:/home/remii/Projects/so-arm/install/feetech_ros2_driver:/home/remii/Projects/so-arm/install/so_arm_gz:/home/remii/Projects/so-arm/install/so_arm101_description:/home/remii/Projects/so-arm/install/so_arm100_moveit_config:/home/remii/Projects/so-arm/install/so_arm100_description:/opt/ros/jazzy/opt/sdformat_vendor:/opt/ros/jazzy/opt/gz_tools_vendor:/opt/ros/jazzy/opt/gz_math_vendor:/opt/ros/jazzy/opt/gz_utils_vendor:/opt/ros/jazzy/opt/gz_cmake_vendor:/opt/ros/jazzy DEBUGINFOD_URLS=https://debuginfod.ubuntu.com /usr/bin/cmake --build /home/remii/Projects/so-arm/build/so_arm100_description -- -j8 -l8
[0.310s] Invoking command in '/home/remii/Projects/so-arm/build/so_arm100_description': CMAKE_PREFIX_PATH=/home/remii/Projects/so-arm/install/so_arm_utils:/home/remii/Projects/so-arm/install/feetech_ros2_driver:/home/remii/Projects/so-arm/install/so_arm_gz:/home/remii/Projects/so-arm/install/so_arm101_description:/home/remii/Projects/so-arm/install/so_arm100_moveit_config:/home/remii/Projects/so-arm/install/so_arm100_description:/opt/ros/jazzy/opt/sdformat_vendor:/opt/ros/jazzy/opt/gz_tools_vendor:/opt/ros/jazzy/opt/gz_math_vendor:/opt/ros/jazzy/opt/gz_utils_vendor:/opt/ros/jazzy/opt/gz_cmake_vendor:/opt/ros/jazzy DEBUGINFOD_URLS=https://debuginfod.ubuntu.com /usr/bin/cmake --install /home/remii/Projects/so-arm/build/so_arm100_description
[0.316s] -- Install configuration: ""
[0.316s] -- Execute custom install script
[0.316s] -- Up-to-date symlink: /home/remii/Projects/so-arm/install/so_arm100_description/share/so_arm100_description/environment/so_arm100_description.dsv
[0.316s] -- Up-to-date symlink: /home/remii/Projects/so-arm/install/so_arm100_description/share/so_arm100_description//urdf/so_arm100.urdf.xacro
[0.316s] -- Up-to-date symlink: /home/remii/Projects/so-arm/install/so_arm100_description/share/so_arm100_description//urdf/so_arm100_macro.xacro
[0.317s] -- Up-to-date symlink: /home/remii/Projects/so-arm/install/so_arm100_description/share/so_arm100_description//mjcf/scene.xml
[0.317s] -- Up-to-date symlink: /home/remii/Projects/so-arm/install/so_arm100_description/share/so_arm100_description//mjcf/so_arm100.xml
[0.317s] -- Up-to-date symlink: /home/remii/Projects/so-arm/install/so_arm100_description/share/so_arm100_description//meshes/Base.stl
[0.317s] -- Up-to-date symlink: /home/remii/Projects/so-arm/install/so_arm100_description/share/so_arm100_description//meshes/Base_Motor.stl
[0.317s] -- Up-to-date symlink: /home/remii/Projects/so-arm/install/so_arm100_description/share/so_arm100_description//meshes/Fixed_Jaw.stl
[0.317s] -- Up-to-date symlink: /home/remii/Projects/so-arm/install/so_arm100_description/share/so_arm100_description//meshes/Fixed_Jaw_Motor.stl
[0.317s] -- Up-to-date symlink: /home/remii/Projects/so-arm/install/so_arm100_description/share/so_arm100_description//meshes/LICENSE
[0.318s] -- Up-to-date symlink: /home/remii/Projects/so-arm/install/so_arm100_description/share/so_arm100_description//meshes/Lower_Arm.stl
[0.318s] -- Up-to-date symlink: /home/remii/Projects/so-arm/install/so_arm100_description/share/so_arm100_description//meshes/Lower_Arm_Motor.stl
[0.318s] -- Up-to-date symlink: /home/remii/Projects/so-arm/install/so_arm100_description/share/so_arm100_description//meshes/Moving_Jaw.stl
[0.318s] -- Up-to-date symlink: /home/remii/Projects/so-arm/install/so_arm100_description/share/so_arm100_description//meshes/Rotation_Pitch.stl
[0.318s] -- Up-to-date symlink: /home/remii/Projects/so-arm/install/so_arm100_description/share/so_arm100_description//meshes/Rotation_Pitch_Motor.stl
[0.318s] -- Up-to-date symlink: /home/remii/Projects/so-arm/install/so_arm100_description/share/so_arm100_description//meshes/Upper_Arm.stl
[0.318s] -- Up-to-date symlink: /home/remii/Projects/so-arm/install/so_arm100_description/share/so_arm100_description//meshes/Upper_Arm_Motor.stl
[0.318s] -- Up-to-date symlink: /home/remii/Projects/so-arm/install/so_arm100_description/share/so_arm100_description//meshes/Wrist_Pitch_Roll.stl
[0.319s] -- Up-to-date symlink: /home/remii/Projects/so-arm/install/so_arm100_description/share/so_arm100_description//meshes/Wrist_Pitch_Roll_Motor.stl
[0.319s] -- Up-to-date symlink: /home/remii/Projects/so-arm/install/so_arm100_description/share/so_arm100_description//control/ros2_controllers.yaml
[0.319s] -- Up-to-date symlink: /home/remii/Projects/so-arm/install/so_arm100_description/share/so_arm100_description//control/so_arm100.ros2_control.xacro
[0.319s] -- Up-to-date symlink: /home/remii/Projects/so-arm/install/so_arm100_description/share/so_arm100_description//rviz/config.rviz
[0.320s] -- Up-to-date symlink: /home/remii/Projects/so-arm/install/so_arm100_description/share/so_arm100_description//launch/controllers_bringup.launch.py
[0.320s] -- Up-to-date symlink: /home/remii/Projects/so-arm/install/so_arm100_description/share/ament_index/resource_index/package_run_dependencies/so_arm100_description
[0.320s] -- Up-to-date symlink: /home/remii/Projects/so-arm/install/so_arm100_description/share/ament_index/resource_index/parent_prefix_path/so_arm100_description
[0.320s] -- Up-to-date symlink: /home/remii/Projects/so-arm/install/so_arm100_description/share/so_arm100_description/environment/ament_prefix_path.sh
[0.320s] -- Up-to-date symlink: /home/remii/Projects/so-arm/install/so_arm100_description/share/so_arm100_description/environment/ament_prefix_path.dsv
[0.320s] -- Up-to-date symlink: /home/remii/Projects/so-arm/install/so_arm100_description/share/so_arm100_description/environment/path.sh
[0.320s] -- Up-to-date symlink: /home/remii/Projects/so-arm/install/so_arm100_description/share/so_arm100_description/environment/path.dsv
[0.321s] -- Up-to-date symlink: /home/remii/Projects/so-arm/install/so_arm100_description/share/so_arm100_description/local_setup.bash
[0.321s] -- Up-to-date symlink: /home/remii/Projects/so-arm/install/so_arm100_description/share/so_arm100_description/local_setup.sh
[0.321s] -- Up-to-date symlink: /home/remii/Projects/so-arm/install/so_arm100_description/share/so_arm100_description/local_setup.zsh
[0.321s] -- Up-to-date symlink: /home/remii/Projects/so-arm/install/so_arm100_description/share/so_arm100_description/local_setup.dsv
[0.321s] -- Symlinking: /home/remii/Projects/so-arm/install/so_arm100_description/share/so_arm100_description/package.dsv
[0.326s] -- Up-to-date symlink: /home/remii/Projects/so-arm/install/so_arm100_description/share/ament_index/resource_index/packages/so_arm100_description
[0.327s] -- Up-to-date symlink: /home/remii/Projects/so-arm/install/so_arm100_description/share/so_arm100_description/cmake/so_arm100_descriptionConfig.cmake
[0.327s] -- Up-to-date symlink: /home/remii/Projects/so-arm/install/so_arm100_description/share/so_arm100_description/cmake/so_arm100_descriptionConfig-version.cmake
[0.327s] -- Up-to-date symlink: /home/remii/Projects/so-arm/install/so_arm100_description/share/so_arm100_description/package.xml
[0.338s] Invoked command in '/home/remii/Projects/so-arm/build/so_arm100_description' returned '0': CMAKE_PREFIX_PATH=/home/remii/Projects/so-arm/install/so_arm_utils:/home/remii/Projects/so-arm/install/feetech_ros2_driver:/home/remii/Projects/so-arm/install/so_arm_gz:/home/remii/Projects/so-arm/install/so_arm101_description:/home/remii/Projects/so-arm/install/so_arm100_moveit_config:/home/remii/Projects/so-arm/install/so_arm100_description:/opt/ros/jazzy/opt/sdformat_vendor:/opt/ros/jazzy/opt/gz_tools_vendor:/opt/ros/jazzy/opt/gz_math_vendor:/opt/ros/jazzy/opt/gz_utils_vendor:/opt/ros/jazzy/opt/gz_cmake_vendor:/opt/ros/jazzy DEBUGINFOD_URLS=https://debuginfod.ubuntu.com /usr/bin/cmake --install /home/remii/Projects/so-arm/build/so_arm100_description
