[0.006s] Invoking command in '/home/remii/Projects/so-arm/build/feetech_ros2_driver': DEBUGINFOD_URLS=https://debuginfod.ubuntu.com /usr/bin/cmake /home/remii/Projects/so-arm/src/feetech_ros2_driver -DAMENT_CMAKE_SYMLINK_INSTALL=1 -DCMAKE_INSTALL_PREFIX=/home/remii/Projects/so-arm/install/feetech_ros2_driver
[0.214s] -- The C compiler identification is GNU 13.3.0
[0.347s] -- The CXX compiler identification is GNU 13.3.0
[0.365s] -- Detecting C compiler ABI info
[0.459s] -- Detecting C compiler ABI info - done
[0.471s] -- Check for working C compiler: /usr/bin/cc - skipped
[0.472s] -- Detecting C compile features
[0.473s] -- Detecting C compile features - done
[0.482s] -- Detecting CXX compiler ABI info
[0.567s] -- Detecting CXX compiler ABI info - done
[0.576s] -- Check for working CXX compiler: /usr/bin/c++ - skipped
[0.576s] -- Detecting CXX compile features
[0.576s] -- Detecting CXX compile features - done
[0.582s] -- Performing Test CMAKE_HAVE_LIBC_PTHREAD
[0.646s] -- Performing Test CMAKE_HAVE_LIBC_PTHREAD - Success
[0.647s] -- Found Threads: TRUE  
[0.652s] -- Found PkgConfig: /usr/bin/pkg-config (found version "1.8.1") 
[0.653s] -- Checking for module 'libserial'
[0.659s] --   Found libserial, version 1.0.0
[0.678s] -- feetech_driver version: 0.1.0
[0.690s] [31mCMake Error at CMakeLists.txt:28 (find_package):
[0.691s]   By not providing "Findament_cmake.cmake" in CMAKE_MODULE_PATH this project
[0.691s]   has asked CMake to find a package configuration file provided by
[0.691s]   "ament_cmake", but CMake did not find one.
[0.691s] 
[0.691s]   Could not find a package configuration file provided by "ament_cmake" with
[0.691s]   any of the following names:
[0.691s] 
[0.691s]     ament_cmakeConfig.cmake
[0.691s]     ament_cmake-config.cmake
[0.691s] 
[0.691s]   Add the installation prefix of "ament_cmake" to CMAKE_PREFIX_PATH or set
[0.691s]   "ament_cmake_DIR" to a directory containing one of the above files.  If
[0.691s]   "ament_cmake" provides a separate development package or SDK, be sure it
[0.691s]   has been installed.
[0.692s] 
[0.692s] [0m
[0.692s] -- Configuring incomplete, errors occurred!
