Built target ament_cmake_python_symlink_so_arm_utils
running egg_info
running install_scripts
writing so_arm_utils.egg-info/PKG-INFO
writing dependency_links to so_arm_utils.egg-info/dependency_links.txt
writing top-level names to so_arm_utils.egg-info/top_level.txt
/usr/lib/python3/dist-packages/setuptools/_distutils/cmd.py:66: SetuptoolsDeprecationWarning: setup.py install is deprecated.
!!

        ********************************************************************************
        Please avoid running ``setup.py`` directly.
        Instead, use pypa/build, pypa/installer or other
        standards-based tools.

        See https://blog.ganssle.io/articles/2021/10/setup-py-deprecated.html for details.
        ********************************************************************************

!!
  self.initialize_options()
running egg_info
reading manifest file 'so_arm_utils.egg-info/SOURCES.txt'
writing manifest file 'so_arm_utils.egg-info/SOURCES.txt'
writing so_arm_utils.egg-info/PKG-INFO
writing dependency_links to so_arm_utils.egg-info/dependency_links.txt
writing top-level names to so_arm_utils.egg-info/top_level.txt
Built target ament_cmake_python_build_so_arm_utils_egg
reading manifest file 'so_arm_utils.egg-info/SOURCES.txt'
writing manifest file 'so_arm_utils.egg-info/SOURCES.txt'
Built target ament_cmake_python_build_so_arm_utils_scripts
