-- Install configuration: ""
-- Execute custom install script
-- Up-to-date symlink: /home/remii/Projects/so-arm/install/so_arm_gz/share/so_arm_gz/launch/so_arm_gz_bringup.launch.py
-- Up-to-date symlink: /home/remii/Projects/so-arm/install/so_arm_gz/share/so_arm_gz/camera/camera.xacro
-- Up-to-date symlink: /home/remii/Projects/so-arm/install/so_arm_gz/share/so_arm_gz/worlds/camera_world.sdf
-- Up-to-date symlink: /home/remii/Projects/so-arm/install/so_arm_gz/share/ament_index/resource_index/package_run_dependencies/so_arm_gz
-- Up-to-date symlink: /home/remii/Projects/so-arm/install/so_arm_gz/share/ament_index/resource_index/parent_prefix_path/so_arm_gz
-- Up-to-date symlink: /home/remii/Projects/so-arm/install/so_arm_gz/share/so_arm_gz/environment/ament_prefix_path.sh
-- Up-to-date symlink: /home/remii/Projects/so-arm/install/so_arm_gz/share/so_arm_gz/environment/ament_prefix_path.dsv
-- Up-to-date symlink: /home/remii/Projects/so-arm/install/so_arm_gz/share/so_arm_gz/environment/path.sh
-- Up-to-date symlink: /home/remii/Projects/so-arm/install/so_arm_gz/share/so_arm_gz/environment/path.dsv
-- Up-to-date symlink: /home/remii/Projects/so-arm/install/so_arm_gz/share/so_arm_gz/local_setup.bash
-- Up-to-date symlink: /home/remii/Projects/so-arm/install/so_arm_gz/share/so_arm_gz/local_setup.sh
-- Up-to-date symlink: /home/remii/Projects/so-arm/install/so_arm_gz/share/so_arm_gz/local_setup.zsh
-- Up-to-date symlink: /home/remii/Projects/so-arm/install/so_arm_gz/share/so_arm_gz/local_setup.dsv
-- Symlinking: /home/remii/Projects/so-arm/install/so_arm_gz/share/so_arm_gz/package.dsv
-- Up-to-date symlink: /home/remii/Projects/so-arm/install/so_arm_gz/share/ament_index/resource_index/packages/so_arm_gz
-- Up-to-date symlink: /home/remii/Projects/so-arm/install/so_arm_gz/share/so_arm_gz/cmake/so_arm_gzConfig.cmake
-- Up-to-date symlink: /home/remii/Projects/so-arm/install/so_arm_gz/share/so_arm_gz/cmake/so_arm_gzConfig-version.cmake
-- Up-to-date symlink: /home/remii/Projects/so-arm/install/so_arm_gz/share/so_arm_gz/package.xml
