[0.015s] Invoking command in '/home/remii/Projects/so-arm/build/so_arm100_moveit_config': AMENT_PREFIX_PATH=/home/remii/Projects/so-arm/install/so_arm100_description:/home/remii/Projects/so-arm/install/so_arm_utils:/home/remii/Projects/so-arm/install/feetech_ros2_driver:${AMENT_PREFIX_PATH} CMAKE_PREFIX_PATH=/home/remii/Projects/so-arm/install/so_arm100_description:/home/remii/Projects/so-arm/install/so_arm_utils:/home/remii/Projects/so-arm/install/feetech_ros2_driver:/opt/ros/jazzy/opt/gz_math_vendor:/opt/ros/jazzy/opt/gz_utils_vendor:/opt/ros/jazzy/opt/gz_cmake_vendor:/opt/ros/jazzy DEBUGINFOD_URLS=https://debuginfod.ubuntu.com LD_LIBRARY_PATH=/home/remii/Projects/so-arm/install/feetech_ros2_driver/lib:${LD_LIBRARY_PATH} PATH=/home/remii/Projects/so-arm/install/feetech_ros2_driver/bin:${PATH} PYTHONPATH=/home/remii/Projects/so-arm/install/so_arm_utils/lib/python3.12/site-packages:${PYTHONPATH} /usr/bin/cmake /home/remii/Projects/so-arm/src/ros2_so_arm100/so_arm100_moveit_config -DAMENT_CMAKE_SYMLINK_INSTALL=1 -DCMAKE_INSTALL_PREFIX=/home/remii/Projects/so-arm/install/so_arm100_moveit_config
[0.052s] -- The C compiler identification is GNU 13.3.0
[0.093s] -- The CXX compiler identification is GNU 13.3.0
[0.103s] -- Detecting C compiler ABI info
[0.160s] -- Detecting C compiler ABI info - done
[0.168s] -- Check for working C compiler: /usr/bin/cc - skipped
[0.168s] -- Detecting C compile features
[0.169s] -- Detecting C compile features - done
[0.175s] -- Detecting CXX compiler ABI info
[0.241s] -- Detecting CXX compiler ABI info - done
[0.249s] -- Check for working CXX compiler: /usr/bin/c++ - skipped
[0.249s] -- Detecting CXX compile features
[0.250s] -- Detecting CXX compile features - done
[0.251s] -- Found ament_cmake: 2.5.6 (/opt/ros/jazzy/share/ament_cmake/cmake)
[0.361s] -- Found Python3: /usr/bin/python3 (found version "3.12.3") found components: Interpreter 
[0.420s] -- Override CMake install command with custom implementation using symlinks instead of copying resources
[0.512s] -- Configuring done (0.5s)
[0.514s] -- Generating done (0.0s)
[0.515s] -- Build files have been written to: /home/remii/Projects/so-arm/build/so_arm100_moveit_config
[0.519s] Invoked command in '/home/remii/Projects/so-arm/build/so_arm100_moveit_config' returned '0': AMENT_PREFIX_PATH=/home/remii/Projects/so-arm/install/so_arm100_description:/home/remii/Projects/so-arm/install/so_arm_utils:/home/remii/Projects/so-arm/install/feetech_ros2_driver:${AMENT_PREFIX_PATH} CMAKE_PREFIX_PATH=/home/remii/Projects/so-arm/install/so_arm100_description:/home/remii/Projects/so-arm/install/so_arm_utils:/home/remii/Projects/so-arm/install/feetech_ros2_driver:/opt/ros/jazzy/opt/gz_math_vendor:/opt/ros/jazzy/opt/gz_utils_vendor:/opt/ros/jazzy/opt/gz_cmake_vendor:/opt/ros/jazzy DEBUGINFOD_URLS=https://debuginfod.ubuntu.com LD_LIBRARY_PATH=/home/remii/Projects/so-arm/install/feetech_ros2_driver/lib:${LD_LIBRARY_PATH} PATH=/home/remii/Projects/so-arm/install/feetech_ros2_driver/bin:${PATH} PYTHONPATH=/home/remii/Projects/so-arm/install/so_arm_utils/lib/python3.12/site-packages:${PYTHONPATH} /usr/bin/cmake /home/remii/Projects/so-arm/src/ros2_so_arm100/so_arm100_moveit_config -DAMENT_CMAKE_SYMLINK_INSTALL=1 -DCMAKE_INSTALL_PREFIX=/home/remii/Projects/so-arm/install/so_arm100_moveit_config
[0.520s] Invoking command in '/home/remii/Projects/so-arm/build/so_arm100_moveit_config': AMENT_PREFIX_PATH=/home/remii/Projects/so-arm/install/so_arm100_description:/home/remii/Projects/so-arm/install/so_arm_utils:/home/remii/Projects/so-arm/install/feetech_ros2_driver:${AMENT_PREFIX_PATH} CMAKE_PREFIX_PATH=/home/remii/Projects/so-arm/install/so_arm100_description:/home/remii/Projects/so-arm/install/so_arm_utils:/home/remii/Projects/so-arm/install/feetech_ros2_driver:/opt/ros/jazzy/opt/gz_math_vendor:/opt/ros/jazzy/opt/gz_utils_vendor:/opt/ros/jazzy/opt/gz_cmake_vendor:/opt/ros/jazzy DEBUGINFOD_URLS=https://debuginfod.ubuntu.com LD_LIBRARY_PATH=/home/remii/Projects/so-arm/install/feetech_ros2_driver/lib:${LD_LIBRARY_PATH} PATH=/home/remii/Projects/so-arm/install/feetech_ros2_driver/bin:${PATH} PYTHONPATH=/home/remii/Projects/so-arm/install/so_arm_utils/lib/python3.12/site-packages:${PYTHONPATH} /usr/bin/cmake --build /home/remii/Projects/so-arm/build/so_arm100_moveit_config -- -j8 -l8
[0.547s] Invoked command in '/home/remii/Projects/so-arm/build/so_arm100_moveit_config' returned '0': AMENT_PREFIX_PATH=/home/remii/Projects/so-arm/install/so_arm100_description:/home/remii/Projects/so-arm/install/so_arm_utils:/home/remii/Projects/so-arm/install/feetech_ros2_driver:${AMENT_PREFIX_PATH} CMAKE_PREFIX_PATH=/home/remii/Projects/so-arm/install/so_arm100_description:/home/remii/Projects/so-arm/install/so_arm_utils:/home/remii/Projects/so-arm/install/feetech_ros2_driver:/opt/ros/jazzy/opt/gz_math_vendor:/opt/ros/jazzy/opt/gz_utils_vendor:/opt/ros/jazzy/opt/gz_cmake_vendor:/opt/ros/jazzy DEBUGINFOD_URLS=https://debuginfod.ubuntu.com LD_LIBRARY_PATH=/home/remii/Projects/so-arm/install/feetech_ros2_driver/lib:${LD_LIBRARY_PATH} PATH=/home/remii/Projects/so-arm/install/feetech_ros2_driver/bin:${PATH} PYTHONPATH=/home/remii/Projects/so-arm/install/so_arm_utils/lib/python3.12/site-packages:${PYTHONPATH} /usr/bin/cmake --build /home/remii/Projects/so-arm/build/so_arm100_moveit_config -- -j8 -l8
[0.548s] Invoking command in '/home/remii/Projects/so-arm/build/so_arm100_moveit_config': AMENT_PREFIX_PATH=/home/remii/Projects/so-arm/install/so_arm100_description:/home/remii/Projects/so-arm/install/so_arm_utils:/home/remii/Projects/so-arm/install/feetech_ros2_driver:${AMENT_PREFIX_PATH} CMAKE_PREFIX_PATH=/home/remii/Projects/so-arm/install/so_arm100_description:/home/remii/Projects/so-arm/install/so_arm_utils:/home/remii/Projects/so-arm/install/feetech_ros2_driver:/opt/ros/jazzy/opt/gz_math_vendor:/opt/ros/jazzy/opt/gz_utils_vendor:/opt/ros/jazzy/opt/gz_cmake_vendor:/opt/ros/jazzy DEBUGINFOD_URLS=https://debuginfod.ubuntu.com LD_LIBRARY_PATH=/home/remii/Projects/so-arm/install/feetech_ros2_driver/lib:${LD_LIBRARY_PATH} PATH=/home/remii/Projects/so-arm/install/feetech_ros2_driver/bin:${PATH} PYTHONPATH=/home/remii/Projects/so-arm/install/so_arm_utils/lib/python3.12/site-packages:${PYTHONPATH} /usr/bin/cmake --install /home/remii/Projects/so-arm/build/so_arm100_moveit_config
[0.552s] -- Install configuration: ""
[0.553s] -- Execute custom install script
[0.553s] -- Symlinking: /home/remii/Projects/so-arm/install/so_arm100_moveit_config/share/so_arm100_moveit_config/launch/demo.launch.py
[0.558s] -- Symlinking: /home/remii/Projects/so-arm/install/so_arm100_moveit_config/share/so_arm100_moveit_config/launch/move_group.launch.py
[0.564s] -- Symlinking: /home/remii/Projects/so-arm/install/so_arm100_moveit_config/share/so_arm100_moveit_config/launch/moveit_rviz.launch.py
[0.570s] -- Symlinking: /home/remii/Projects/so-arm/install/so_arm100_moveit_config/share/so_arm100_moveit_config/rviz/move_group.rviz
[0.576s] -- Up-to-date symlink: /home/remii/Projects/so-arm/install/so_arm100_moveit_config/share/so_arm100_moveit_config/launch/demo.launch.py
[0.576s] -- Up-to-date symlink: /home/remii/Projects/so-arm/install/so_arm100_moveit_config/share/so_arm100_moveit_config/launch/move_group.launch.py
[0.576s] -- Up-to-date symlink: /home/remii/Projects/so-arm/install/so_arm100_moveit_config/share/so_arm100_moveit_config/launch/moveit_rviz.launch.py
[0.576s] -- Symlinking: /home/remii/Projects/so-arm/install/so_arm100_moveit_config/share/so_arm100_moveit_config/config/joint_limits.yaml
[0.582s] -- Symlinking: /home/remii/Projects/so-arm/install/so_arm100_moveit_config/share/so_arm100_moveit_config/config/kinematics.yaml
[0.587s] -- Symlinking: /home/remii/Projects/so-arm/install/so_arm100_moveit_config/share/so_arm100_moveit_config/config/moveit_cpp.yaml
[0.593s] -- Symlinking: /home/remii/Projects/so-arm/install/so_arm100_moveit_config/share/so_arm100_moveit_config/config/ompl_planning.yaml
[0.600s] -- Symlinking: /home/remii/Projects/so-arm/install/so_arm100_moveit_config/share/so_arm100_moveit_config/config/so_arm100.srdf
[0.606s] -- Symlinking: /home/remii/Projects/so-arm/install/so_arm100_moveit_config/share/so_arm100_moveit_config/config/trajectory_execution.yaml
[0.611s] -- Symlinking: /home/remii/Projects/so-arm/install/so_arm100_moveit_config/share/so_arm100_moveit_config/.setup_assistant
[0.617s] -- Symlinking: /home/remii/Projects/so-arm/install/so_arm100_moveit_config/share/ament_index/resource_index/package_run_dependencies/so_arm100_moveit_config
[0.623s] -- Symlinking: /home/remii/Projects/so-arm/install/so_arm100_moveit_config/share/ament_index/resource_index/parent_prefix_path/so_arm100_moveit_config
[0.629s] -- Symlinking: /home/remii/Projects/so-arm/install/so_arm100_moveit_config/share/so_arm100_moveit_config/environment/ament_prefix_path.sh
[0.635s] -- Symlinking: /home/remii/Projects/so-arm/install/so_arm100_moveit_config/share/so_arm100_moveit_config/environment/ament_prefix_path.dsv
[0.641s] -- Symlinking: /home/remii/Projects/so-arm/install/so_arm100_moveit_config/share/so_arm100_moveit_config/environment/path.sh
[0.647s] -- Symlinking: /home/remii/Projects/so-arm/install/so_arm100_moveit_config/share/so_arm100_moveit_config/environment/path.dsv
[0.653s] -- Symlinking: /home/remii/Projects/so-arm/install/so_arm100_moveit_config/share/so_arm100_moveit_config/local_setup.bash
[0.658s] -- Symlinking: /home/remii/Projects/so-arm/install/so_arm100_moveit_config/share/so_arm100_moveit_config/local_setup.sh
[0.664s] -- Symlinking: /home/remii/Projects/so-arm/install/so_arm100_moveit_config/share/so_arm100_moveit_config/local_setup.zsh
[0.670s] -- Symlinking: /home/remii/Projects/so-arm/install/so_arm100_moveit_config/share/so_arm100_moveit_config/local_setup.dsv
[0.675s] -- Symlinking: /home/remii/Projects/so-arm/install/so_arm100_moveit_config/share/so_arm100_moveit_config/package.dsv
[0.681s] -- Symlinking: /home/remii/Projects/so-arm/install/so_arm100_moveit_config/share/ament_index/resource_index/packages/so_arm100_moveit_config
[0.687s] -- Symlinking: /home/remii/Projects/so-arm/install/so_arm100_moveit_config/share/so_arm100_moveit_config/cmake/so_arm100_moveit_configConfig.cmake
[0.693s] -- Symlinking: /home/remii/Projects/so-arm/install/so_arm100_moveit_config/share/so_arm100_moveit_config/cmake/so_arm100_moveit_configConfig-version.cmake
[0.698s] -- Symlinking: /home/remii/Projects/so-arm/install/so_arm100_moveit_config/share/so_arm100_moveit_config/package.xml
[0.705s] Invoked command in '/home/remii/Projects/so-arm/build/so_arm100_moveit_config' returned '0': AMENT_PREFIX_PATH=/home/remii/Projects/so-arm/install/so_arm100_description:/home/remii/Projects/so-arm/install/so_arm_utils:/home/remii/Projects/so-arm/install/feetech_ros2_driver:${AMENT_PREFIX_PATH} CMAKE_PREFIX_PATH=/home/remii/Projects/so-arm/install/so_arm100_description:/home/remii/Projects/so-arm/install/so_arm_utils:/home/remii/Projects/so-arm/install/feetech_ros2_driver:/opt/ros/jazzy/opt/gz_math_vendor:/opt/ros/jazzy/opt/gz_utils_vendor:/opt/ros/jazzy/opt/gz_cmake_vendor:/opt/ros/jazzy DEBUGINFOD_URLS=https://debuginfod.ubuntu.com LD_LIBRARY_PATH=/home/remii/Projects/so-arm/install/feetech_ros2_driver/lib:${LD_LIBRARY_PATH} PATH=/home/remii/Projects/so-arm/install/feetech_ros2_driver/bin:${PATH} PYTHONPATH=/home/remii/Projects/so-arm/install/so_arm_utils/lib/python3.12/site-packages:${PYTHONPATH} /usr/bin/cmake --install /home/remii/Projects/so-arm/build/so_arm100_moveit_config
