[0.006s] Invoking command in '/home/remii/Projects/so-arm/build/so_arm_utils': DEBUGINFOD_URLS=https://debuginfod.ubuntu.com /usr/bin/cmake --build /home/remii/Projects/so-arm/build/so_arm_utils -- -j8 -l8
[0.021s] -- Found ament_cmake: 2.5.6 (/opt/ros/jazzy/share/ament_cmake/cmake)
[1.013s] Traceback (most recent call last):
[1.013s]   File "/opt/ros/jazzy/share/ament_cmake_core/cmake/package_templates/templates_2_cmake.py", line 21, in <module>
[1.013s]     from ament_package.templates import get_environment_hook_template_path
[1.013s] ModuleNotFoundError: No module named 'ament_package'
[1.038s] [31mCMake Error at /opt/ros/jazzy/share/ament_cmake_core/cmake/ament_cmake_package_templates-extras.cmake:41 (message):
[1.038s]   execute_process(/usr/bin/python3
[1.038s]   /opt/ros/jazzy/share/ament_cmake_core/cmake/package_templates/templates_2_cmake.py
[1.038s]   /home/remii/Projects/so-arm/build/so_arm_utils/ament_cmake_package_templates/templates.cmake)
[1.038s]   returned error code 1
[1.038s] Call Stack (most recent call first):
[1.039s]   /opt/ros/jazzy/share/ament_cmake_core/cmake/ament_cmake_coreConfig.cmake:41 (include)
[1.039s]   /opt/ros/jazzy/share/ament_cmake/cmake/ament_cmake_export_dependencies-extras.cmake:15 (find_package)
[1.039s]   /opt/ros/jazzy/share/ament_cmake/cmake/ament_cmakeConfig.cmake:41 (include)
[1.039s]   CMakeLists.txt:4 (find_package)
[1.039s] 
[1.039s] [0m
[1.039s] -- Configuring incomplete, errors occurred!
[1.040s] gmake: *** [Makefile:268: cmake_check_build_system] Error 1
[1.042s] Invoked command in '/home/remii/Projects/so-arm/build/so_arm_utils' returned '2': DEBUGINFOD_URLS=https://debuginfod.ubuntu.com /usr/bin/cmake --build /home/remii/Projects/so-arm/build/so_arm_utils -- -j8 -l8
