[1.151s] Invoking command in '/home/remii/Projects/so-arm/build/so_arm_perception': DEBUGINFOD_URLS=https://debuginfod.ubuntu.com PYTHONPATH=/home/remii/Projects/so-arm/build/so_arm_perception/prefix_override:/usr/lib/python3/dist-packages/colcon_core/task/python/colcon_distutils_commands:/home/remii/Projects/so-arm/install/so_arm_perception/lib/python3.12/site-packages:${PYTHONPATH} /usr/bin/python3 -W ignore:setup.py install is deprecated -W ignore:easy_install command is deprecated setup.py develop --editable --build-directory /home/remii/Projects/so-arm/build/so_arm_perception/build --no-deps symlink_data
[1.429s] running develop
[1.616s] running egg_info
[1.616s] creating so_arm_perception.egg-info
[1.634s] writing so_arm_perception.egg-info/PKG-INFO
[1.635s] writing dependency_links to so_arm_perception.egg-info/dependency_links.txt
[1.635s] writing entry points to so_arm_perception.egg-info/entry_points.txt
[1.635s] writing requirements to so_arm_perception.egg-info/requires.txt
[1.635s] writing top-level names to so_arm_perception.egg-info/top_level.txt
[1.635s] writing manifest file 'so_arm_perception.egg-info/SOURCES.txt'
[1.673s] reading manifest file 'so_arm_perception.egg-info/SOURCES.txt'
[1.674s] writing manifest file 'so_arm_perception.egg-info/SOURCES.txt'
[1.695s] running build_ext
[1.695s] Creating /home/remii/Projects/so-arm/install/so_arm_perception/lib/python3.12/site-packages/so-arm-perception.egg-link (link to .)
[1.696s] Installing camera_listener script to /home/remii/Projects/so-arm/install/so_arm_perception/lib/so_arm_perception
[1.696s] 
[1.696s] Installed /home/remii/Projects/so-arm/build/so_arm_perception
[1.696s] running symlink_data
[1.697s] creating /home/remii/Projects/so-arm/install/so_arm_perception/share/ament_index
[1.697s] creating /home/remii/Projects/so-arm/install/so_arm_perception/share/ament_index/resource_index
[1.697s] creating /home/remii/Projects/so-arm/install/so_arm_perception/share/ament_index/resource_index/packages
[1.697s] symbolically linking /home/remii/Projects/so-arm/build/so_arm_perception/resource/so_arm_perception -> /home/remii/Projects/so-arm/install/so_arm_perception/share/ament_index/resource_index/packages
[1.697s] symbolically linking /home/remii/Projects/so-arm/build/so_arm_perception/package.xml -> /home/remii/Projects/so-arm/install/so_arm_perception/share/so_arm_perception
[1.719s] Invoked command in '/home/remii/Projects/so-arm/build/so_arm_perception' returned '0': DEBUGINFOD_URLS=https://debuginfod.ubuntu.com PYTHONPATH=/home/remii/Projects/so-arm/build/so_arm_perception/prefix_override:/usr/lib/python3/dist-packages/colcon_core/task/python/colcon_distutils_commands:/home/remii/Projects/so-arm/install/so_arm_perception/lib/python3.12/site-packages:${PYTHONPATH} /usr/bin/python3 -W ignore:setup.py install is deprecated -W ignore:easy_install command is deprecated setup.py develop --editable --build-directory /home/remii/Projects/so-arm/build/so_arm_perception/build --no-deps symlink_data
